Component: ARM Compiler 5.06 update 7 (build 960) Tool: armlink [4d3601]

==============================================================================

Section Cross References

    startup_stm32f407xx.o(STACK) refers (Special) to heapauxi.o(.text) for __use_two_region_memory
    startup_stm32f407xx.o(HEAP) refers (Special) to heapauxi.o(.text) for __use_two_region_memory
    startup_stm32f407xx.o(RESET) refers (Special) to heapauxi.o(.text) for __use_two_region_memory
    startup_stm32f407xx.o(RESET) refers to startup_stm32f407xx.o(STACK) for __initial_sp
    startup_stm32f407xx.o(RESET) refers to startup_stm32f407xx.o(.text) for Reset_Handler
    startup_stm32f407xx.o(RESET) refers to stm32f4xx_it.o(i.NMI_Handler) for NMI_Handler
    startup_stm32f407xx.o(RESET) refers to stm32f4xx_it.o(i.HardFault_Handler) for HardFault_Handler
    startup_stm32f407xx.o(RESET) refers to stm32f4xx_it.o(i.MemManage_Handler) for MemManage_Handler
    startup_stm32f407xx.o(RESET) refers to stm32f4xx_it.o(i.BusFault_Handler) for BusFault_Handler
    startup_stm32f407xx.o(RESET) refers to stm32f4xx_it.o(i.UsageFault_Handler) for UsageFault_Handler
    startup_stm32f407xx.o(RESET) refers to port.o(.emb_text) for SVC_Handler
    startup_stm32f407xx.o(RESET) refers to stm32f4xx_it.o(i.DebugMon_Handler) for DebugMon_Handler
    startup_stm32f407xx.o(RESET) refers to cmsis_os2.o(i.SysTick_Handler) for SysTick_Handler
    startup_stm32f407xx.o(RESET) refers to stm32f4xx_it.o(i.DMA1_Stream5_IRQHandler) for DMA1_Stream5_IRQHandler
    startup_stm32f407xx.o(RESET) refers to stm32f4xx_it.o(i.DMA1_Stream6_IRQHandler) for DMA1_Stream6_IRQHandler
    startup_stm32f407xx.o(RESET) refers to stm32f4xx_it.o(i.TIM1_UP_TIM10_IRQHandler) for TIM1_UP_TIM10_IRQHandler
    startup_stm32f407xx.o(RESET) refers to stm32f4xx_it.o(i.USART1_IRQHandler) for USART1_IRQHandler
    startup_stm32f407xx.o(RESET) refers to stm32f4xx_it.o(i.USART2_IRQHandler) for USART2_IRQHandler
    startup_stm32f407xx.o(RESET) refers to stm32f4xx_it.o(i.DMA2_Stream1_IRQHandler) for DMA2_Stream1_IRQHandler
    startup_stm32f407xx.o(RESET) refers to stm32f4xx_it.o(i.DMA2_Stream5_IRQHandler) for DMA2_Stream5_IRQHandler
    startup_stm32f407xx.o(RESET) refers to stm32f4xx_it.o(i.USART6_IRQHandler) for USART6_IRQHandler
    startup_stm32f407xx.o(.text) refers (Special) to heapauxi.o(.text) for __use_two_region_memory
    startup_stm32f407xx.o(.text) refers to system_stm32f4xx.o(i.SystemInit) for SystemInit
    startup_stm32f407xx.o(.text) refers to __main.o(!!!main) for __main
    startup_stm32f407xx.o(.text) refers to startup_stm32f407xx.o(HEAP) for Heap_Mem
    startup_stm32f407xx.o(.text) refers to startup_stm32f407xx.o(STACK) for Stack_Mem
    demo.o(i.Get_Acc) refers to demo.o(.bss) for .bss
    demo.o(i.Get_Acc_z) refers to demo.o(.bss) for .bss
    demo.o(i.Get_Ang) refers to demo.o(.bss) for .bss
    demo.o(i.demo_run) refers to _printf_pad.o(.text) for _printf_pre_padding
    demo.o(i.demo_run) refers to _printf_percent.o(.ARM.Collect$$_printf_percent$$00000000) for _printf_percent
    demo.o(i.demo_run) refers to _printf_f.o(.ARM.Collect$$_printf_percent$$00000003) for _printf_f
    demo.o(i.demo_run) refers to printf1.o(x$fpl$printf1) for _printf_fp_dec
    demo.o(i.demo_run) refers to atk_ms6dsv.o(i.atk_ms6dsv_init) for atk_ms6dsv_init
    demo.o(i.demo_run) refers to noretval__2printf.o(.text) for __2printf
    demo.o(i.demo_run) refers to delay.o(i.delay_ms) for delay_ms
    demo.o(i.demo_run) refers to lsm6dsv16x_reg.o(i.lsm6dsv16x_xl_data_rate_set) for lsm6dsv16x_xl_data_rate_set
    demo.o(i.demo_run) refers to lsm6dsv16x_reg.o(i.lsm6dsv16x_gy_data_rate_set) for lsm6dsv16x_gy_data_rate_set
    demo.o(i.demo_run) refers to lsm6dsv16x_reg.o(i.lsm6dsv16x_xl_full_scale_set) for lsm6dsv16x_xl_full_scale_set
    demo.o(i.demo_run) refers to lsm6dsv16x_reg.o(i.lsm6dsv16x_gy_full_scale_set) for lsm6dsv16x_gy_full_scale_set
    demo.o(i.demo_run) refers to lsm6dsv16x_reg.o(i.lsm6dsv16x_filt_settling_mask_set) for lsm6dsv16x_filt_settling_mask_set
    demo.o(i.demo_run) refers to lsm6dsv16x_reg.o(i.lsm6dsv16x_filt_gy_lp1_set) for lsm6dsv16x_filt_gy_lp1_set
    demo.o(i.demo_run) refers to lsm6dsv16x_reg.o(i.lsm6dsv16x_filt_gy_lp1_bandwidth_set) for lsm6dsv16x_filt_gy_lp1_bandwidth_set
    demo.o(i.demo_run) refers to lsm6dsv16x_reg.o(i.lsm6dsv16x_filt_xl_lp2_set) for lsm6dsv16x_filt_xl_lp2_set
    demo.o(i.demo_run) refers to lsm6dsv16x_reg.o(i.lsm6dsv16x_filt_xl_lp2_bandwidth_set) for lsm6dsv16x_filt_xl_lp2_bandwidth_set
    demo.o(i.demo_run) refers to lsm6dsv16x_reg.o(i.lsm6dsv16x_flag_data_ready_get) for lsm6dsv16x_flag_data_ready_get
    demo.o(i.demo_run) refers to lsm6dsv16x_reg.o(i.lsm6dsv16x_acceleration_raw_get) for lsm6dsv16x_acceleration_raw_get
    demo.o(i.demo_run) refers to lsm6dsv16x_reg.o(i.lsm6dsv16x_from_fs2_to_mg) for lsm6dsv16x_from_fs2_to_mg
[...]
    __rt_lib_init_signal_1                   0x0800021d   Thumb Code     0  libinit2.o(.ARM.Collect$$libinit$$0000001D)
    __rt_lib_init_stdio_1                    0x0800021d   Thumb Code     0  libinit2.o(.ARM.Collect$$libinit$$00000025)
    __rt_lib_shutdown                        0x0800021f   Thumb Code     0  libshutdown.o(.ARM.Collect$$libshutdown$$00000000)
    __rt_lib_shutdown_cpp_1                  0x08000221   Thumb Code     0  libshutdown2.o(.ARM.Collect$$libshutdown$$00000004)
    __rt_lib_shutdown_fini_1                 0x08000221   Thumb Code     0  libshutdown2.o(.ARM.Collect$$libshutdown$$00000002)
    __rt_lib_shutdown_fp_trap_1              0x08000221   Thumb Code     0  libshutdown2.o(.ARM.Collect$$libshutdown$$00000009)
    __rt_lib_shutdown_heap_1                 0x08000221   Thumb Code     0  libshutdown2.o(.ARM.Collect$$libshutdown$$00000011)
    __rt_lib_shutdown_return                 0x08000221   Thumb Code     0  libshutdown2.o(.ARM.Collect$$libshutdown$$00000012)
    __rt_lib_shutdown_signal_1               0x08000221   Thumb Code     0  libshutdown2.o(.ARM.Collect$$libshutdown$$0000000C)
    __rt_lib_shutdown_stdio_1                0x08000221   Thumb Code     0  libshutdown2.o(.ARM.Collect$$libshutdown$$00000006)
    __rt_lib_shutdown_user_alloc_1           0x08000221   Thumb Code     0  libshutdown2.o(.ARM.Collect$$libshutdown$$0000000E)
    __rt_entry                               0x08000223   Thumb Code     0  __rtentry.o(.ARM.Collect$$rtentry$$00000000)
    __rt_entry_presh_1                       0x08000223   Thumb Code     0  __rtentry2.o(.ARM.Collect$$rtentry$$00000002)
    __rt_entry_sh                            0x08000223   Thumb Code     0  __rtentry4.o(.ARM.Collect$$rtentry$$00000004)
    __rt_entry_li                            0x08000229   Thumb Code     0  __rtentry2.o(.ARM.Collect$$rtentry$$0000000A)
    __rt_entry_postsh_1                      0x08000229   Thumb Code     0  __rtentry2.o(.ARM.Collect$$rtentry$$00000009)
    __rt_entry_main                          0x0800022d   Thumb Code     0  __rtentry2.o(.ARM.Collect$$rtentry$$0000000D)
    __rt_entry_postli_1                      0x0800022d   Thumb Code     0  __rtentry2.o(.ARM.Collect$$rtentry$$0000000C)
    __rt_exit                                0x08000235   Thumb Code     0  rtexit.o(.ARM.Collect$$rtexit$$00000000)
    __rt_exit_ls                             0x08000237   Thumb Code     0  rtexit2.o(.ARM.Collect$$rtexit$$00000003)
    __rt_exit_prels_1                        0x08000237   Thumb Code     0  rtexit2.o(.ARM.Collect$$rtexit$$00000002)
    __rt_exit_exit                           0x0800023b   Thumb Code     0  rtexit2.o(.ARM.Collect$$rtexit$$00000004)
    SVC_Handler                              0x08000241   Thumb Code    28  port.o(.emb_text)
    __asm___6_port_c_39a90d8d__prvStartFirstTask 0x08000261   Thumb Code    36  port.o(.emb_text)
    __asm___6_port_c_39a90d8d__prvEnableVFP  0x08000289   Thumb Code    16  port.o(.emb_text)
    PendSV_Handler                           0x0800029d   Thumb Code    88  port.o(.emb_text)
    vPortGetIPSR                             0x080002f9   Thumb Code     6  port.o(.emb_text)
    Reset_Handler                            0x08000301   Thumb Code     8  startup_stm32f407xx.o(.text)
    ADC_IRQHandler                           0x0800031b   Thumb Code     0  startup_stm32f407xx.o(.text)
    CAN1_RX0_IRQHandler                      0x0800031b   Thumb Code     0  startup_stm32f407xx.o(.text)
    CAN1_RX1_IRQHandler                      0x0800031b   Thumb Code     0  startup_stm32f407xx.o(.text)
    CAN1_SCE_IRQHandler                      0x0800031b   Thumb Code     0  startup_stm32f407xx.o(.text)
    CAN1_TX_IRQHandler                       0x0800031b   Thumb Code     0  startup_stm32f407xx.o(.text)
    CAN2_RX0_IRQHandler                      0x0800031b   Thumb Code     0  startup_stm32f407xx.o(.text)
    CAN2_RX1_IRQHandler                      0x0800031b   Thumb Code     0  startup_stm32f407xx.o(.text)
    CAN2_SCE_IRQHandler                      0x0800031b   Thumb Code     0  startup_stm32f407xx.o(.text)
    CAN2_TX_IRQHandler                       0x0800031b   Thumb Code     0  startup_stm32f407xx.o(.text)
    DCMI_IRQHandler                          0x0800031b   Thumb Code     0  startup_stm32f407xx.o(.text)
    DMA1_Stream0_IRQHandler                  0x0800031b   Thumb Code     0  startup_stm32f407xx.o(.text)
    DMA1_Stream1_IRQHandler                  0x0800031b   Thumb Code     0  startup_stm32f407xx.o(.text)
    DMA1_Stream2_IRQHandler                  0x0800031b   Thumb Code     0  startup_stm32f407xx.o(.text)
    DMA1_Stream3_IRQHandler                  0x0800031b   Thumb Code     0  startup_stm32f407xx.o(.text)
    DMA1_Stream4_IRQHandler                  0x0800031b   Thumb Code     0  startup_stm32f407xx.o(.text)
    DMA1_Stream7_IRQHandler                  0x0800031b   Thumb Code     0  startup_stm32f407xx.o(.text)
    DMA2_Stream0_IRQHandler                  0x0800031b   Thumb Code     0  startup_stm32f407xx.o(.text)
    DMA2_Stream2_IRQHandler                  0x0800031b   Thumb Code     0  startup_stm32f407xx.o(.text)
    DMA2_Stream3_IRQHandler                  0x0800031b   Thumb Code     0  startup_stm32f407xx.o(.text)
    DMA2_Stream4_IRQHandler                  0x0800031b   Thumb Code     0  startup_stm32f407xx.o(.text)
    DMA2_Stream6_IRQHandler                  0x0800031b   Thumb Code     0  startup_stm32f407xx.o(.text)
    DMA2_Stream7_IRQHandler                  0x0800031b   Thumb Code     0  startup_stm32f407xx.o(.text)
    ETH_IRQHandler                           0x0800031b   Thumb Code     0  startup_stm32f407xx.o(.text)
    ETH_WKUP_IRQHandler                      0x0800031b   Thumb Code     0  startup_stm32f407xx.o(.text)
    EXTI0_IRQHandler                         0x0800031b   Thumb Code     0  startup_stm32f407xx.o(.text)
    EXTI15_10_IRQHandler                     0x0800031b   Thumb Code     0  startup_stm32f407xx.o(.text)
    EXTI1_IRQHandler                         0x0800031b   Thumb Code     0  startup_stm32f407xx.o(.text)
    EXTI2_IRQHandler                         0x0800031b   Thumb Code     0  startup_stm32f407xx.o(.text)
    EXTI3_IRQHandler                         0x0800031b   Thumb Code     0  startup_stm32f407xx.o(.text)
    EXTI4_IRQHandler                         0x0800031b   Thumb Code     0  startup_stm32f407xx.o(.text)
    EXTI9_5_IRQHandler                       0x0800031b   Thumb Code     0  startup_stm32f407xx.o(.text)
    FLASH_IRQHandler                         0x0800031b   Thumb Code     0  startup_stm32f407xx.o(.text)
    FMC_IRQHandler                           0x0800031b   Thumb Code     0  startup_stm32f407xx.o(.text)
    FPU_IRQHandler                           0x0800031b   Thumb Code     0  startup_stm32f407xx.o(.text)
    HASH_RNG_IRQHandler                      0x0800031b   Thumb Code     0  startup_stm32f407xx.o(.text)
    I2C1_ER_IRQHandler                       0x0800031b   Thumb Code     0  startup_stm32f407xx.o(.text)
    I2C1_EV_IRQHandler                       0x0800031b   Thumb Code     0  startup_stm32f407xx.o(.text)
    I2C2_ER_IRQHandler                       0x0800031b   Thumb Code     0  startup_stm32f407xx.o(.text)
    I2C2_EV_IRQHandler                       0x0800031b   Thumb Code     0  startup_stm32f407xx.o(.text)
    I2C3_ER_IRQHandler                       0x0800031b   Thumb Code     0  startup_stm32f407xx.o(.text)
    I2C3_EV_IRQHandler                       0x0800031b   Thumb Code     0  startup_stm32f407xx.o(.text)
    OTG_FS_IRQHandler                        0x0800031b   Thumb Code     0  startup_stm32f407xx.o(.text)
    OTG_FS_WKUP_IRQHandler                   0x0800031b   Thumb Code     0  startup_stm32f407xx.o(.text)
    OTG_HS_EP1_IN_IRQHandler                 0x0800031b   Thumb Code     0  startup_stm32f407xx.o(.text)
    OTG_HS_EP1_OUT_IRQHandler                0x0800031b   Thumb Code     0  startup_stm32f407xx.o(.text)
    OTG_HS_IRQHandler                        0x0800031b   Thumb Code     0  startup_stm32f407xx.o(.text)
    OTG_HS_WKUP_IRQHandler                   0x0800031b   Thumb Code     0  startup_stm32f407xx.o(.text)
    PVD_IRQHandler                           0x0800031b   Thumb Code     0  startup_stm32f407xx.o(.text)
    RCC_IRQHandler                           0x0800031b   Thumb Code     0  startup_stm32f407xx.o(.text)
    RTC_Alarm_IRQHandler                     0x0800031b   Thumb Code     0  startup_stm32f407xx.o(.text)
    RTC_WKUP_IRQHandler                      0x0800031b   Thumb Code     0  startup_stm32f407xx.o(.text)
    SDIO_IRQHandler                          0x0800031b   Thumb Code     0  startup_stm32f407xx.o(.text)
    SPI1_IRQHandler                          0x0800031b   Thumb Code     0  startup_stm32f407xx.o(.text)
    SPI2_IRQHandler                          0x0800031b   Thumb Code     0  startup_stm32f407xx.o(.text)
    SPI3_IRQHandler                          0x0800031b   Thumb Code     0  startup_stm32f407xx.o(.text)
    TAMP_STAMP_IRQHandler                    0x0800031b   Thumb Code     0  startup_stm32f407xx.o(.text)
    TIM1_BRK_TIM9_IRQHandler                 0x0800031b   Thumb Code     0  startup_stm32f407xx.o(.text)
    TIM1_CC_IRQHandler                       0x0800031b   Thumb Code     0  startup_stm32f407xx.o(.text)
    TIM1_TRG_COM_TIM11_IRQHandler            0x0800031b   Thumb Code     0  startup_stm32f407xx.o(.text)
    TIM2_IRQHandler                          0x0800031b   Thumb Code     0  startup_stm32f407xx.o(.text)
    TIM3_IRQHandler                          0x0800031b   Thumb Code     0  startup_stm32f407xx.o(.text)
    TIM4_IRQHandler                          0x0800031b   Thumb Code     0  startup_stm32f407xx.o(.text)
    TIM5_IRQHandler                          0x0800031b   Thumb Code     0  startup_stm32f407xx.o(.text)
    TIM6_DAC_IRQHandler                      0x0800031b   Thumb Code     0  startup_stm32f407xx.o(.text)
    TIM7_IRQHandler                          0x0800031b   Thumb Code     0  startup_stm32f407xx.o(.text)
    TIM8_BRK_TIM12_IRQHandler                0x0800031b   Thumb Code     0  startup_stm32f407xx.o(.text)
    TIM8_CC_IRQHandler                       0x0800031b   Thumb Code     0  startup_stm32f407xx.o(.text)
    TIM8_TRG_COM_TIM14_IRQHandler            0x0800031b   Thumb Code     0  startup_stm32f407xx.o(.text)
    TIM8_UP_TIM13_IRQHandler                 0x0800031b   Thumb Code     0  startup_stm32f407xx.o(.text)
    UART4_IRQHandler                         0x0800031b   Thumb Code     0  startup_stm32f407xx.o(.text)
    UART5_IRQHandler                         0x0800031b   Thumb Code     0  startup_stm32f407xx.o(.text)
    USART3_IRQHandler                        0x0800031b   Thumb Code     0  startup_stm32f407xx.o(.text)
    WWDG_IRQHandler                          0x0800031b   Thumb Code     0  startup_stm32f407xx.o(.text)
    __user_initial_stackheap                 0x0800031d   Thumb Code     0  startup_stm32f407xx.o(.text)
    __use_no_semihosting                     0x08000341   Thumb Code     2  use_no_semi_2.o(.text)
    __aeabi_uldivmod                         0x08000343   Thumb Code     0  lludivv7m.o(.text)
    _ll_udiv                                 0x08000343   Thumb Code   238  lludivv7m.o(.text)
    __2printf                                0x08000431   Thumb Code    20  noretval__2printf.o(.text)
    _printf_pre_padding                      0x08000449   Thumb Code    44  _printf_pad.o(.text)
    _printf_post_padding                     0x08000475   Thumb Code    34  _printf_pad.o(.text)
    __printf                                 0x08000497   Thumb Code   270  __printf_wp.o(.text)
    __aeabi_memcpy                           0x080005a5   Thumb Code     0  rt_memcpy_v6.o(.text)
    __rt_memcpy                              0x080005a5   Thumb Code   138  rt_memcpy_v6.o(.text)
    _memcpy_lastbytes                        0x0800060b   Thumb Code     0  rt_memcpy_v6.o(.text)
    __aeabi_memset                           0x0800062f   Thumb Code    16  aeabi_memset.o(.text)
    __aeabi_memclr                           0x0800063f   Thumb Code     0  rt_memclr.o(.text)
    __rt_memclr                              0x0800063f   Thumb Code    68  rt_memclr.o(.text)
    _memset                                  0x08000643   Thumb Code     0  rt_memclr.o(.text)
    __aeabi_memclr4                          0x08000683   Thumb Code     0  rt_memclr_w.o(.text)
    __aeabi_memclr8                          0x08000683   Thumb Code     0  rt_memclr_w.o(.text)
    __rt_memclr_w                            0x08000683   Thumb Code    78  rt_memclr_w.o(.text)
    _memset_w                                0x08000687   Thumb Code     0  rt_memclr_w.o(.text)
    __use_two_region_memory                  0x080006d1   Thumb Code     2  heapauxi.o(.text)
    __rt_heap_escrow$2region                 0x080006d3   Thumb Code     2  heapauxi.o(.text)
    __rt_heap_expand$2region                 0x080006d5   Thumb Code     2  heapauxi.o(.text)
    __I$use$semihosting                      0x080006d7   Thumb Code     0  use_no_semi.o(.text)
    __use_no_semihosting_swi                 0x080006d7   Thumb Code     2  use_no_semi.o(.text)
    __lib_sel_fp_printf                      0x080006d9   Thumb Code     2  _printf_fp_dec.o(.text)
    _printf_fp_dec_real                      0x0800088b   Thumb Code   620  _printf_fp_dec.o(.text)
    _printf_char_file                        0x08000af9   Thumb Code    32  _printf_char_file.o(.text)
    __aeabi_memcpy4                          0x08000b1d   Thumb Code     0  rt_memcpy_w.o(.text)
    __aeabi_memcpy8                          0x08000b1d   Thumb Code     0  rt_memcpy_w.o(.text)
    __rt_memcpy_w                            0x08000b1d   Thumb Code   100  rt_memcpy_w.o(.text)
    _memcpy_lastbytes_aligned                0x08000b65   Thumb Code     0  rt_memcpy_w.o(.text)
    __rt_locale                              0x08000b81   Thumb Code     8  rt_locale_intlibspace.o(.text)
    _ll_udiv10                               0x08000b89   Thumb Code   138  lludiv10.o(.text)
    _printf_char_common                      0x08000c1f   Thumb Code    32  _printf_char_common.o(.text)
    _printf_fp_infnan                        0x08000c45   Thumb Code   112  _printf_fp_infnan.o(.text)
    _btod_etento                             0x08000cc5   Thumb Code   224  bigflt0.o(.text)
    ferror                                   0x08000da9   Thumb Code     8  ferror.o(.text)
    __user_libspace                          0x08000db1   Thumb Code     8  libspace.o(.text)
    __user_perproc_libspace                  0x08000db1   Thumb Code     0  libspace.o(.text)
    __user_perthread_libspace                0x08000db1   Thumb Code     0  libspace.o(.text)
    __user_setup_stackheap                   0x08000db9   Thumb Code    74  sys_stackheap_outer.o(.text)
    exit                                     0x08000e03   Thumb Code    18  exit.o(.text)
    strcmp                                   0x08000e15   Thumb Code   128  strcmpv7m.o(.text)
    _btod_d2e                                0x08000e95   Thumb Code    62  btod.o(CL$$btod_d2e)
    _d2e_denorm_low                          0x08000ed3   Thumb Code    70  btod.o(CL$$btod_d2e_denorm_low)
    _d2e_norm_op1                            0x08000f19   Thumb Code    96  btod.o(CL$$btod_d2e_norm_op1)
    __btod_div_common                        0x08000f79   Thumb Code   696  btod.o(CL$$btod_div_common)
    _e2e                                     0x080012b1   Thumb Code   220  btod.o(CL$$btod_e2e)
    _btod_ediv                               0x0800138d   Thumb Code    42  btod.o(CL$$btod_ediv)
    _btod_emul                               0x080013b7   Thumb Code    42  btod.o(CL$$btod_emul)
    __btod_mult_common                       0x080013e1   Thumb Code   580  btod.o(CL$$btod_mult_common)
    ArmFrontBack                             0x08001625   Thumb Code   188  act.o(i.ArmFrontBack)
    ArmWave                                  0x080016e9   Thumb Code    96  act.o(i.ArmWave)
    BusFault_Handler                         0x0800174d   Thumb Code     2  stm32f4xx_it.o(i.BusFault_Handler)
    Car_Init                                 0x08001751   Thumb Code    72  act.o(i.Car_Init)
    DMA1_Stream5_IRQHandler                  0x080017a1   Thumb Code     6  stm32f4xx_it.o(i.DMA1_Stream5_IRQHandler)
    DMA1_Stream6_IRQHandler                  0x080017ad   Thumb Code     6  stm32f4xx_it.o(i.DMA1_Stream6_IRQHandler)
    DMA2_Stream1_IRQHandler                  0x080017b9   Thumb Code     6  stm32f4xx_it.o(i.DMA2_Stream1_IRQHandler)
    DMA2_Stream5_IRQHandler                  0x080017c5   Thumb Code     6  stm32f4xx_it.o(i.DMA2_Stream5_IRQHandler)
    DebugMon_Handler                         0x08001875   Thumb Code     2  stm32f4xx_it.o(i.DebugMon_Handler)
    Error_Handler                            0x08001877   Thumb Code     4  main.o(i.Error_Handler)
    Get_Acc                                  0x0800187d   Thumb Code     4  demo.o(i.Get_Acc)
    HAL_DMA_Abort                            0x08001885   Thumb Code   146  stm32f4xx_hal_dma.o(i.HAL_DMA_Abort)
    HAL_DMA_Abort_IT                         0x08001917   Thumb Code    36  stm32f4xx_hal_dma.o(i.HAL_DMA_Abort_IT)
    HAL_DMA_IRQHandler                       0x0800193d   Thumb Code   412  stm32f4xx_hal_dma.o(i.HAL_DMA_IRQHandler)
    HAL_DMA_Init                             0x08001add   Thumb Code   206  stm32f4xx_hal_dma.o(i.HAL_DMA_Init)
    HAL_DMA_Start_IT                         0x08001bb1   Thumb Code   110  stm32f4xx_hal_dma.o(i.HAL_DMA_Start_IT)
    HAL_Delay                                0x08001c21   Thumb Code    32  stm32f4xx_hal.o(i.HAL_Delay)
    HAL_GPIO_Init                            0x08001c45   Thumb Code   450  stm32f4xx_hal_gpio.o(i.HAL_GPIO_Init)
    HAL_GPIO_ReadPin                         0x08001e35   Thumb Code    10  stm32f4xx_hal_gpio.o(i.HAL_GPIO_ReadPin)
    HAL_GPIO_TogglePin                       0x08001e3f   Thumb Code    16  stm32f4xx_hal_gpio.o(i.HAL_GPIO_TogglePin)
    HAL_GPIO_WritePin                        0x08001e4f   Thumb Code    10  stm32f4xx_hal_gpio.o(i.HAL_GPIO_WritePin)
    HAL_GetTick                              0x08001e59   Thumb Code     6  stm32f4xx_hal.o(i.HAL_GetTick)
    HAL_IncTick                              0x08001e65   Thumb Code    12  stm32f4xx_hal.o(i.HAL_IncTick)
    HAL_Init                                 0x08001e75   Thumb Code    48  stm32f4xx_hal.o(i.HAL_Init)
    HAL_InitTick                             0x08001ea9   Thumb Code   120  stm32f4xx_hal_timebase_tim.o(i.HAL_InitTick)
    HAL_MspInit                              0x08001f35   Thumb Code    52  stm32f4xx_hal_msp.o(i.HAL_MspInit)
    HAL_NVIC_EnableIRQ                       0x08001f6d   Thumb Code    26  stm32f4xx_hal_cortex.o(i.HAL_NVIC_EnableIRQ)
    HAL_NVIC_SetPriority                     0x08001f89   Thumb Code    60  stm32f4xx_hal_cortex.o(i.HAL_NVIC_SetPriority)
    HAL_NVIC_SetPriorityGrouping             0x08001fc9   Thumb Code    26  stm32f4xx_hal_cortex.o(i.HAL_NVIC_SetPriorityGrouping)
    HAL_RCC_ClockConfig                      0x08001fed   Thumb Code   288  stm32f4xx_hal_rcc.o(i.HAL_RCC_ClockConfig)
    HAL_RCC_GetClockConfig                   0x08002121   Thumb Code    54  stm32f4xx_hal_rcc.o(i.HAL_RCC_GetClockConfig)
    HAL_RCC_GetPCLK1Freq                     0x08002161   Thumb Code    20  stm32f4xx_hal_rcc.o(i.HAL_RCC_GetPCLK1Freq)
    HAL_RCC_GetPCLK2Freq                     0x08002181   Thumb Code    20  stm32f4xx_hal_rcc.o(i.HAL_RCC_GetPCLK2Freq)
    HAL_RCC_GetSysClockFreq                  0x080021a1   Thumb Code    88  stm32f4xx_hal_rcc.o(i.HAL_RCC_GetSysClockFreq)
    HAL_RCC_OscConfig                        0x08002201   Thumb Code   856  stm32f4xx_hal_rcc.o(i.HAL_RCC_OscConfig)
    HAL_TIMEx_BreakCallback                  0x0800256d   Thumb Code     2  stm32f4xx_hal_tim_ex.o(i.HAL_TIMEx_BreakCallback)
    HAL_TIMEx_CommutCallback                 0x0800256f   Thumb Code     2  stm32f4xx_hal_tim_ex.o(i.HAL_TIMEx_CommutCallback)
    HAL_TIMEx_MasterConfigSynchronization    0x08002571   Thumb Code   116  stm32f4xx_hal_tim_ex.o(i.HAL_TIMEx_MasterConfigSynchronization)
    HAL_TIM_Base_Init                        0x08002601   Thumb Code    90  stm32f4xx_hal_tim.o(i.HAL_TIM_Base_Init)
    HAL_TIM_Base_MspInit                     0x0800265b   Thumb Code     2  stm32f4xx_hal_tim.o(i.HAL_TIM_Base_MspInit)
    HAL_TIM_Base_Start_IT                    0x0800265d   Thumb Code   100  stm32f4xx_hal_tim.o(i.HAL_TIM_Base_Start_IT)
    HAL_TIM_IC_CaptureCallback               0x080026dd   Thumb Code     2  stm32f4xx_hal_tim.o(i.HAL_TIM_IC_CaptureCallback)
    HAL_TIM_IRQHandler                       0x080026df   Thumb Code   304  stm32f4xx_hal_tim.o(i.HAL_TIM_IRQHandler)
    HAL_TIM_MspPostInit                      0x08002811   Thumb Code   184  tim.o(i.HAL_TIM_MspPostInit)
    HAL_TIM_OC_DelayElapsedCallback          0x080028e5   Thumb Code     2  stm32f4xx_hal_tim.o(i.HAL_TIM_OC_DelayElapsedCallback)
    HAL_TIM_PWM_ConfigChannel                0x080028e7   Thumb Code   204  stm32f4xx_hal_tim.o(i.HAL_TIM_PWM_ConfigChannel)
    HAL_TIM_PWM_Init                         0x080029b3   Thumb Code    90  stm32f4xx_hal_tim.o(i.HAL_TIM_PWM_Init)
    HAL_TIM_PWM_MspInit                      0x08002a0d   Thumb Code    74  tim.o(i.HAL_TIM_PWM_MspInit)
    HAL_TIM_PWM_PulseFinishedCallback        0x08002a65   Thumb Code     2  stm32f4xx_hal_tim.o(i.HAL_TIM_PWM_PulseFinishedCallback)
    HAL_TIM_PWM_Start                        0x08002a69   Thumb Code   172  stm32f4xx_hal_tim.o(i.HAL_TIM_PWM_Start)
    HAL_TIM_PeriodElapsedCallback            0x08002b31   Thumb Code    14  main.o(i.HAL_TIM_PeriodElapsedCallback)
    HAL_TIM_TriggerCallback                  0x08002b45   Thumb Code     2  stm32f4xx_hal_tim.o(i.HAL_TIM_TriggerCallback)
    HAL_UARTEx_ReceiveToIdle_DMA             0x08002b47   Thumb Code    74  stm32f4xx_hal_uart.o(i.HAL_UARTEx_ReceiveToIdle_DMA)
    HAL_UARTEx_RxEventCallback               0x08002b91   Thumb Code    74  main.o(i.HAL_UARTEx_RxEventCallback)
    HAL_UART_DMAStop                         0x08002be5   Thumb Code   112  stm32f4xx_hal_uart.o(i.HAL_UART_DMAStop)
    HAL_UART_ErrorCallback                   0x08002c55   Thumb Code     2  stm32f4xx_hal_uart.o(i.HAL_UART_ErrorCallback)
    HAL_UART_IRQHandler                      0x08002c59   Thumb Code   636  stm32f4xx_hal_uart.o(i.HAL_UART_IRQHandler)
    HAL_UART_Init                            0x08002ed9   Thumb Code   100  stm32f4xx_hal_uart.o(i.HAL_UART_Init)
    HAL_UART_MspInit                         0x08002f3d   Thumb Code   460  usart.o(i.HAL_UART_MspInit)
    HAL_UART_Receive_DMA                     0x08003131   Thumb Code    28  stm32f4xx_hal_uart.o(i.HAL_UART_Receive_DMA)
    HAL_UART_RxCpltCallback                  0x0800314d   Thumb Code     2  stm32f4xx_hal_uart.o(i.HAL_UART_RxCpltCallback)
    HAL_UART_RxHalfCpltCallback              0x0800314f   Thumb Code     2  stm32f4xx_hal_uart.o(i.HAL_UART_RxHalfCpltCallback)
    HAL_UART_Transmit                        0x08003151   Thumb Code   160  stm32f4xx_hal_uart.o(i.HAL_UART_Transmit)
    HAL_UART_TxCpltCallback                  0x080031f1   Thumb Code     2  stm32f4xx_hal_uart.o(i.HAL_UART_TxCpltCallback)
    HardFault_Handler                        0x080031f3   Thumb Code     2  stm32f4xx_it.o(i.HardFault_Handler)
    MX_DMA_Init                              0x080031f5   Thumb Code   104  dma.o(i.MX_DMA_Init)
    MX_FREERTOS_Init                         0x08003261   Thumb Code    92  freertos.o(i.MX_FREERTOS_Init)
    MX_GPIO_Init                             0x080032d5   Thumb Code   302  gpio.o(i.MX_GPIO_Init)
    MX_TIM2_Init                             0x0800341d   Thumb Code   156  tim.o(i.MX_TIM2_Init)
    MX_TIM3_Init                             0x080034bd   Thumb Code   152  tim.o(i.MX_TIM3_Init)
    MX_TIM4_Init                             0x0800355d   Thumb Code   152  tim.o(i.MX_TIM4_Init)
    MX_USART1_UART_Init                      0x080035fd   Thumb Code    68  usart.o(i.MX_USART1_UART_Init)
    MX_USART2_UART_Init                      0x0800364d   Thumb Code    48  usart.o(i.MX_USART2_UART_Init)
    MX_USART6_UART_Init                      0x08003685   Thumb Code    68  usart.o(i.MX_USART6_UART_Init)
    MemManage_Handler                        0x080036d5   Thumb Code     2  stm32f4xx_it.o(i.MemManage_Handler)
    Motor_Enable                             0x080036d9   Thumb Code    22  motor.o(i.Motor_Enable)
    Motor_Init                               0x080036f5   Thumb Code    16  motor.o(i.Motor_Init)
    Motor_ProcessRxData                      0x0800370d   Thumb Code    94  motor.o(i.Motor_ProcessRxData)
    Motor_SetMode                            0x08003775   Thumb Code    26  motor.o(i.Motor_SetMode)
    Motor_SetSpeed                           0x08003795   Thumb Code    36  motor.o(i.Motor_SetSpeed)
    Motor_SetSpeed_FromCmd                   0x080037bd   Thumb Code   136  act.o(i.Motor_SetSpeed_FromCmd)
    NMI_Handler                              0x08003855   Thumb Code     2  stm32f4xx_it.o(i.NMI_Handler)
    StartDefaultTask                         0x08003859   Thumb Code   184  freertos.o(i.StartDefaultTask)
    StartImuTask                             0x08003961   Thumb Code    16  freertos.o(i.StartImuTask)
    Status_Task                              0x08003971   Thumb Code    26  freertos.o(i.Status_Task)
    Stepper_RotateAngle                      0x08003991   Thumb Code    58  stepmotor.o(i.Stepper_RotateAngle)
    Stepper_SetSpeed                         0x080039d5   Thumb Code    18  stepmotor.o(i.Stepper_SetSpeed)
    Stepper_Step                             0x080039f1   Thumb Code    60  stepmotor.o(i.Stepper_Step)
    SysTick_Handler                          0x08003a35   Thumb Code    26  cmsis_os2.o(i.SysTick_Handler)
    SystemClock_Config                       0x08003a51   Thumb Code   142  main.o(i.SystemClock_Config)
    SystemInit                               0x08003ae9   Thumb Code    12  system_stm32f4xx.o(i.SystemInit)
    TIM1_UP_TIM10_IRQHandler                 0x08003af9   Thumb Code     6  stm32f4xx_it.o(i.TIM1_UP_TIM10_IRQHandler)
    TIM_Base_SetConfig                       0x08003b05   Thumb Code   164  stm32f4xx_hal_tim.o(i.TIM_Base_SetConfig)
    TIM_CCxChannelCmd                        0x08003bd5   Thumb Code    26  stm32f4xx_hal_tim.o(i.TIM_CCxChannelCmd)
    TIM_OC2_SetConfig                        0x08003c51   Thumb Code    98  stm32f4xx_hal_tim.o(i.TIM_OC2_SetConfig)
    UART_Start_Receive_DMA                   0x080040a9   Thumb Code   146  stm32f4xx_hal_uart.o(i.UART_Start_Receive_DMA)
    USART1_IRQHandler                        0x080041bd   Thumb Code     6  stm32f4xx_it.o(i.USART1_IRQHandler)
    USART2_IRQHandler                        0x080041c9   Thumb Code     6  stm32f4xx_it.o(i.USART2_IRQHandler)
    USART6_IRQHandler                        0x080041d5   Thumb Code    90  stm32f4xx_it.o(i.USART6_IRQHandler)
    UsageFault_Handler                       0x08004241   Thumb Code     2  stm32f4xx_it.o(i.UsageFault_Handler)
    __ARM_fpclassify                         0x08004243   Thumb Code    48  fpclassify.o(i.__ARM_fpclassify)
    _is_digit                                0x08004293   Thumb Code    14  __printf_wp.o(i._is_digit)
    _sys_exit                                0x080042a1   Thumb Code     2  usart.o(i._sys_exit)
    atk_ms6dsv_init                          0x0800434d   Thumb Code    66  atk_ms6dsv.o(i.atk_ms6dsv_init)
    atk_ms6dsv_read                          0x08004395   Thumb Code   114  atk_ms6dsv.o(i.atk_ms6dsv_read)
    atk_ms6dsv_write                         0x08004407   Thumb Code    90  atk_ms6dsv.o(i.atk_ms6dsv_write)
    bsp_init                                 0x08004461   Thumb Code    10  user_main.o(i.bsp_init)
    delay_init                               0x08004499   Thumb Code    26  delay.o(i.delay_init)
    delay_ms                                 0x080044bd   Thumb Code    26  delay.o(i.delay_ms)
    delay_us                                 0x080044d9   Thumb Code    26  delay.o(i.delay_us)
    demo_run                                 0x08004501   Thumb Code   294  demo.o(i.demo_run)
    fputc                                    0x08004659   Thumb Code    14  usart.o(i.fputc)
    fun_ctrl_Task                            0x0800466d   Thumb Code    38  freertos.o(i.fun_ctrl_Task)
    iic_ack                                  0x08004699   Thumb Code    72  atk_ms6dsv_iic.o(i.iic_ack)
    iic_nack                                 0x080046e5   Thumb Code    56  atk_ms6dsv_iic.o(i.iic_nack)
    iic_read_byte                            0x08004721   Thumb Code    88  atk_ms6dsv_iic.o(i.iic_read_byte)
    iic_send_byte                            0x0800477d   Thumb Code    84  atk_ms6dsv_iic.o(i.iic_send_byte)
    iic_start                                0x080047d5   Thumb Code    66  atk_ms6dsv_iic.o(i.iic_start)
    iic_stop                                 0x0800481d   Thumb Code    56  atk_ms6dsv_iic.o(i.iic_stop)
    iic_wait_ack                             0x08004859   Thumb Code    90  atk_ms6dsv_iic.o(i.iic_wait_ack)
    lsm6dsv16x_acceleration_raw_get          0x080048b9   Thumb Code    68  lsm6dsv16x_reg.o(i.lsm6dsv16x_acceleration_raw_get)
    lsm6dsv16x_angular_rate_raw_get          0x080048fd   Thumb Code    68  lsm6dsv16x_reg.o(i.lsm6dsv16x_angular_rate_raw_get)
    lsm6dsv16x_block_data_update_set         0x08004941   Thumb Code    46  lsm6dsv16x_reg.o(i.lsm6dsv16x_block_data_update_set)
    lsm6dsv16x_device_id_get                 0x0800496f   Thumb Code    14  lsm6dsv16x_reg.o(i.lsm6dsv16x_device_id_get)
    lsm6dsv16x_filt_gy_lp1_bandwidth_set     0x0800497d   Thumb Code    46  lsm6dsv16x_reg.o(i.lsm6dsv16x_filt_gy_lp1_bandwidth_set)
    lsm6dsv16x_filt_gy_lp1_set               0x080049ab   Thumb Code    46  lsm6dsv16x_reg.o(i.lsm6dsv16x_filt_gy_lp1_set)
    lsm6dsv16x_filt_settling_mask_set        0x080049d9   Thumb Code   142  lsm6dsv16x_reg.o(i.lsm6dsv16x_filt_settling_mask_set)
    lsm6dsv16x_filt_xl_lp2_bandwidth_set     0x08004a67   Thumb Code    46  lsm6dsv16x_reg.o(i.lsm6dsv16x_filt_xl_lp2_bandwidth_set)
    lsm6dsv16x_filt_xl_lp2_set               0x08004a95   Thumb Code    46  lsm6dsv16x_reg.o(i.lsm6dsv16x_filt_xl_lp2_set)
    lsm6dsv16x_flag_data_ready_get           0x08004ac3   Thumb Code    56  lsm6dsv16x_reg.o(i.lsm6dsv16x_flag_data_ready_get)
    lsm6dsv16x_from_fs2000_to_mdps           0x08004afd   Thumb Code    18  lsm6dsv16x_reg.o(i.lsm6dsv16x_from_fs2000_to_mdps)
    lsm6dsv16x_from_fs2_to_mg                0x08004b15   Thumb Code    18  lsm6dsv16x_reg.o(i.lsm6dsv16x_from_fs2_to_mg)
    lsm6dsv16x_from_lsb_to_celsius           0x08004b2d   Thumb Code    22  lsm6dsv16x_reg.o(i.lsm6dsv16x_from_lsb_to_celsius)
    lsm6dsv16x_gy_data_rate_set              0x08004b49   Thumb Code    94  lsm6dsv16x_reg.o(i.lsm6dsv16x_gy_data_rate_set)
    lsm6dsv16x_gy_full_scale_set             0x08004ba7   Thumb Code    46  lsm6dsv16x_reg.o(i.lsm6dsv16x_gy_full_scale_set)
    lsm6dsv16x_read_reg                      0x08004bd5   Thumb Code    24  lsm6dsv16x_reg.o(i.lsm6dsv16x_read_reg)
    lsm6dsv16x_reset_get                     0x08004bed   Thumb Code    90  lsm6dsv16x_reg.o(i.lsm6dsv16x_reset_get)
    lsm6dsv16x_reset_set                     0x08004c47   Thumb Code    96  lsm6dsv16x_reg.o(i.lsm6dsv16x_reset_set)
    lsm6dsv16x_temperature_raw_get           0x08004ca7   Thumb Code    36  lsm6dsv16x_reg.o(i.lsm6dsv16x_temperature_raw_get)
    lsm6dsv16x_write_reg                     0x08004ccb   Thumb Code    24  lsm6dsv16x_reg.o(i.lsm6dsv16x_write_reg)
    lsm6dsv16x_xl_data_rate_set              0x08004ce3   Thumb Code    96  lsm6dsv16x_reg.o(i.lsm6dsv16x_xl_data_rate_set)
    lsm6dsv16x_xl_full_scale_set             0x08004d43   Thumb Code    46  lsm6dsv16x_reg.o(i.lsm6dsv16x_xl_full_scale_set)
    main                                     0x08004d71   Thumb Code   240  main.o(i.main)
    osDelay                                  0x08004e81   Thumb Code    26  cmsis_os2.o(i.osDelay)
    osKernelInitialize                       0x08004e9d   Thumb Code    32  cmsis_os2.o(i.osKernelInitialize)
    osKernelStart                            0x08004ec1   Thumb Code    48  cmsis_os2.o(i.osKernelStart)
    osThreadNew                              0x08004ef9   Thumb Code   138  cmsis_os2.o(i.osThreadNew)
    pvPortMalloc                             0x08005719   Thumb Code   216  heap_4.o(i.pvPortMalloc)
    pxPortInitialiseStack                    0x080057f5   Thumb Code    40  port.o(i.pxPortInitialiseStack)
    serial_frame_build                       0x08005849   Thumb Code    88  serial_frame.o(i.serial_frame_build)
    serial_frame_parse                       0x080058a1   Thumb Code   130  serial_frame.o(i.serial_frame_parse)
    user_main                                0x08005995   Thumb Code     6  user_main.o(i.user_main)
    uxListRemove                             0x0800599b   Thumb Code    38  list.o(i.uxListRemove)
    vApplicationGetIdleTaskMemory            0x080059c1   Thumb Code    16  cmsis_os2.o(i.vApplicationGetIdleTaskMemory)
    vApplicationGetTimerTaskMemory           0x080059d5   Thumb Code    18  cmsis_os2.o(i.vApplicationGetTimerTaskMemory)
    vListInitialise                          0x080059ed   Thumb Code    22  list.o(i.vListInitialise)
    vListInitialiseItem                      0x08005a03   Thumb Code     6  list.o(i.vListInitialiseItem)
    vListInsert                              0x08005a09   Thumb Code    48  list.o(i.vListInsert)
    vListInsertEnd                           0x08005a39   Thumb Code    24  list.o(i.vListInsertEnd)
    vPortEnterCritical                       0x08005a51   Thumb Code    54  port.o(i.vPortEnterCritical)
    vPortExitCritical                        0x08005a91   Thumb Code    34  port.o(i.vPortExitCritical)
    vPortFree                                0x08005ab9   Thumb Code    94  heap_4.o(i.vPortFree)
    vPortSetupTimerInterrupt                 0x08005b1d   Thumb Code    32  port.o(i.vPortSetupTimerInterrupt)
    vPortValidateInterruptPriority           0x08005b41   Thumb Code    74  port.o(i.vPortValidateInterruptPriority)
    vQueueAddToRegistry                      0x08005b95   Thumb Code    34  queue.o(i.vQueueAddToRegistry)
    vQueueWaitForMessageRestricted           0x08005bbd   Thumb Code    68  queue.o(i.vQueueWaitForMessageRestricted)
    vTaskDelay                               0x08005c01   Thumb Code    66  tasks.o(i.vTaskDelay)
    vTaskInternalSetTimeOutState             0x08005c4d   Thumb Code    12  tasks.o(i.vTaskInternalSetTimeOutState)
    vTaskMissedYield                         0x08005c5d   Thumb Code     8  tasks.o(i.vTaskMissedYield)
    vTaskPlaceOnEventList                    0x08005c69   Thumb Code    44  tasks.o(i.vTaskPlaceOnEventList)
    vTaskPlaceOnEventListRestricted          0x08005c99   Thumb Code    52  tasks.o(i.vTaskPlaceOnEventListRestricted)
    vTaskStartScheduler                      0x08005cd1   Thumb Code   118  tasks.o(i.vTaskStartScheduler)
    vTaskSuspendAll                          0x08005d59   Thumb Code    10  tasks.o(i.vTaskSuspendAll)
    vTaskSwitchContext                       0x08005d69   Thumb Code    90  tasks.o(i.vTaskSwitchContext)
    xPortStartScheduler                      0x08005dcd   Thumb Code   222  port.o(i.xPortStartScheduler)
    xPortSysTickHandler                      0x08005ec1   Thumb Code    38  port.o(i.xPortSysTickHandler)
    xQueueGenericCreate                      0x08005eed   Thumb Code    66  queue.o(i.xQueueGenericCreate)
    xQueueGenericCreateStatic                0x08005f2f   Thumb Code   102  queue.o(i.xQueueGenericCreateStatic)
    xQueueGenericReset                       0x08005f95   Thumb Code   132  queue.o(i.xQueueGenericReset)
    xQueueGenericSend                        0x0800601d   Thumb Code   346  queue.o(i.xQueueGenericSend)
    xQueueGenericSendFromISR                 0x0800617d   Thumb Code   190  queue.o(i.xQueueGenericSendFromISR)
    xQueueReceive                            0x0800623d   Thumb Code   308  queue.o(i.xQueueReceive)
    xTaskCheckForTimeOut                     0x08006375   Thumb Code   112  tasks.o(i.xTaskCheckForTimeOut)
    xTaskCreate                              0x080063e9   Thumb Code    90  tasks.o(i.xTaskCreate)
    xTaskCreateStatic                        0x08006443   Thumb Code    86  tasks.o(i.xTaskCreateStatic)
    xTaskGetSchedulerState                   0x08006499   Thumb Code    22  tasks.o(i.xTaskGetSchedulerState)
    xTaskGetTickCount                        0x080064b5   Thumb Code     6  tasks.o(i.xTaskGetTickCount)
    xTaskIncrementTick                       0x080064c1   Thumb Code   192  tasks.o(i.xTaskIncrementTick)
    xTaskPriorityDisinherit                  0x08006589   Thumb Code   118  tasks.o(i.xTaskPriorityDisinherit)
    xTaskRemoveFromEventList                 0x08006609   Thumb Code    98  tasks.o(i.xTaskRemoveFromEventList)
    xTaskResumeAll                           0x08006679   Thumb Code   182  tasks.o(i.xTaskResumeAll)
    xTimerCreateTimerTask                    0x0800673d   Thumb Code    78  timers.o(i.xTimerCreateTimerTask)
    xTimerGenericCommand                     0x0800679d   Thumb Code    98  timers.o(i.xTimerGenericCommand)
    _get_lc_numeric                          0x08006805   Thumb Code    44  lc_numeric_c.o(locale$$code)
    __fpl_dretinf                            0x08006831   Thumb Code    12  dretinf.o(x$fpl$dretinf)
    __aeabi_f2d                              0x0800683d   Thumb Code     0  f2d.o(x$fpl$f2d)
    _f2d                                     0x0800683d   Thumb Code    86  f2d.o(x$fpl$f2d)
    __fpl_fnaninf                            0x08006893   Thumb Code   140  fnaninf.o(x$fpl$fnaninf)
    _fp_init                                 0x0800691f   Thumb Code    10  fpinit.o(x$fpl$fpinit)
    __fplib_config_fpu_vfp                   0x08006927   Thumb Code     0  fpinit.o(x$fpl$fpinit)
    __fplib_config_pureend_doubles           0x08006927   Thumb Code     0  fpinit.o(x$fpl$fpinit)
    _printf_fp_dec                           0x08006929   Thumb Code     4  printf1.o(x$fpl$printf1)
    __I$use$fp                               0x0800692c   Number         0  usenofp.o(x$fpl$usenofp)
    defaultTask_attributes                   0x0800692c   Data          36  freertos.o(.constdata)
    fun_ctrl_task_attributes                 0x08006950   Data          36  freertos.o(.constdata)
    status_task_attributes                   0x08006974   Data          36  freertos.o(.constdata)
    imuTask_attributes                       0x08006998   Data          36  freertos.o(.constdata)
    AHBPrescTable                            0x080069c4   Data          16  system_stm32f4xx.o(.constdata)
    APBPrescTable                            0x080069d4   Data           8  system_stm32f4xx.o(.constdata)
    stepSequence                             0x08006a2e   Data           8  stepmotor.o(.constdata)
    Region$$Table$$Base                      0x08006afc   Number         0  anon$$obj.o(Region$$Table)
    Region$$Table$$Limit                     0x08006b1c   Number         0  anon$$obj.o(Region$$Table)
    defaultTaskHandle                        0x20000000   Data           4  freertos.o(.data)
    fun_ctrl_taskHandle                      0x20000004   Data           4  freertos.o(.data)
    status_taskHandle                        0x20000008   Data           4  freertos.o(.data)
    imuTaskHandle                            0x2000000c   Data           4  freertos.o(.data)
    uartQueue                                0x20000010   Data           4  freertos.o(.data)
    cmd                                      0x20000014   Data           4  freertos.o(.data)
    __stdout                                 0x20000018   Data           4  usart.o(.data)
    uwTickFreq                               0x2000001c   Data           1  stm32f4xx_hal.o(.data)
    uwTickPrio                               0x20000020   Data           4  stm32f4xx_hal.o(.data)
    uwTick                                   0x20000024   Data           4  stm32f4xx_hal.o(.data)
    SystemCoreClock                          0x20000028   Data           4  system_stm32f4xx.o(.data)
    pxCurrentTCB                             0x2000002c   Data           4  tasks.o(.data)
    rpm_l                                    0x200000ac   Data           2  act.o(.data)
    rpm_r                                    0x200000ae   Data           2  act.o(.data)
    v_left                                   0x200000b0   Data           4  act.o(.data)
    v_right                                  0x200000b4   Data           4  act.o(.data)
    fb1                                      0x200000b8   Data           6  act.o(.data)
    fb2                                      0x200000be   Data           6  act.o(.data)
    currentStep                              0x200000c8   Data           1  stepmotor.o(.data)
    stepDelay                                0x200000cc   Data           4  stepmotor.o(.data)
    atk_ms6dsv                               0x200000d4   Data          16  atk_ms6dsv.o(.data)
    acceleration_mg                          0x200000e4   Data          12  demo.o(.bss)
    angular_rate_mdps                        0x200000f0   Data          12  demo.o(.bss)
    xUART2                                   0x200000fc   Data        1026  main.o(.bss)
    main_ctrl_fsm_handle                     0x20000500   Data          28  freertos.o(.bss)
    pkt                                      0x2000051c   Data          66  freertos.o(.bss)
    htim2                                    0x20000560   Data          72  tim.o(.bss)
    htim3                                    0x200005a8   Data          72  tim.o(.bss)
    htim4                                    0x200005f0   Data          72  tim.o(.bss)
    huart1                                   0x20000738   Data          72  usart.o(.bss)
    huart2                                   0x20000780   Data          72  usart.o(.bss)
    huart6                                   0x200007c8   Data          72  usart.o(.bss)
    hdma_usart1_rx                           0x20000810   Data          96  usart.o(.bss)
    hdma_usart2_rx                           0x20000870   Data          96  usart.o(.bss)
    hdma_usart2_tx                           0x200008d0   Data          96  usart.o(.bss)
    hdma_usart6_rx                           0x20000930   Data          96  usart.o(.bss)
    frame                                    0x20000a90   Data         258  stm32f4xx_it.o(.bss)
    htim1                                    0x20000b94   Data          72  stm32f4xx_hal_timebase_tim.o(.bss)
    xQueueRegistry                           0x20000bdc   Data          64  queue.o(.bss)
    __libspace_start                         0x200054bc   Data          96  libspace.o(.bss)
    __temporary_stack_top$libspace           0x2000551c   Data           0  libspace.o(.bss)



==============================================================================

Memory Map of the image

  Image Entry point : 0x08000189

  Load Region LR_IROM1 (Base: 0x08000000, Size: 0x00006c1c, Max: 0x00100000, ABSOLUTE)

    Execution Region ER_IROM1 (Exec base: 0x08000000, Load base: 0x08000000, Size: 0x00006b38, Max: 0x00100000, ABSOLUTE)

    Exec Addr    Load Addr    Size         Type   Attr      Idx    E Section Name        Object

    0x08000000   0x08000000   0x00000188   Data   RO            3    RESET               startup_stm32f407xx.o
    0x08000188   0x08000188   0x00000008   Code   RO         7578  * !!!main             c_w.l(__main.o)
    0x08000190   0x08000190   0x00000034   Code   RO         7834    !!!scatter          c_w.l(__scatter.o)
    0x080001c4   0x080001c4   0x0000001a   Code   RO         7836    !!handler_copy      c_w.l(__scatter_copy.o)
    0x080001de   0x080001de   0x00000002   PAD
    0x080001e0   0x080001e0   0x0000001c   Code   RO         7838    !!handler_zi        c_w.l(__scatter_zi.o)
    0x080001fc   0x080001fc   0x00000000   Code   RO         7565    .ARM.Collect$$_printf_percent$$00000000  c_w.l(_printf_percent.o)
    0x080001fc   0x080001fc   0x00000006   Code   RO         7564    .ARM.Collect$$_printf_percent$$00000003  c_w.l(_printf_f.o)
    0x08000202   0x08000202   0x00000004   Code   RO         7615    .ARM.Collect$$_printf_percent$$00000017  c_w.l(_printf_percent_end.o)
    0x08000206   0x08000206   0x00000002   Code   RO         7709    .ARM.Collect$$libinit$$00000000  c_w.l(libinit.o)
    0x08000208   0x08000208   0x00000004   Code   RO         7710    .ARM.Collect$$libinit$$00000001  c_w.l(libinit2.o)
    0x0800020c   0x0800020c   0x00000000   Code   RO         7713    .ARM.Collect$$libinit$$00000004  c_w.l(libinit2.o)
    0x0800020c   0x0800020c   0x00000000   Code   RO         7716    .ARM.Collect$$libinit$$0000000A  c_w.l(libinit2.o)
    0x0800020c   0x0800020c   0x00000000   Code   RO         7718    .ARM.Collect$$libinit$$0000000C  c_w.l(libinit2.o)
    0x0800020c   0x0800020c   0x00000000   Code   RO         7720    .ARM.Collect$$libinit$$0000000E  c_w.l(libinit2.o)
    0x0800020c   0x0800020c   0x00000006   Code   RO         7721    .ARM.Collect$$libinit$$0000000F  c_w.l(libinit2.o)
    0x08000212   0x08000212   0x00000000   Code   RO         7723    .ARM.Collect$$libinit$$00000011  c_w.l(libinit2.o)
    0x08000212   0x08000212   0x00000000   Code   RO         7725    .ARM.Collect$$libinit$$00000013  c_w.l(libinit2.o)
    0x08000212   0x08000212   0x00000000   Code   RO         7727    .ARM.Collect$$libinit$$00000015  c_w.l(libinit2.o)
    0x08000212   0x08000212   0x0000000a   Code   RO         7728    .ARM.Collect$$libinit$$00000016  c_w.l(libinit2.o)
    0x0800021c   0x0800021c   0x00000000   Code   RO         7729    .ARM.Collect$$libinit$$00000017  c_w.l(libinit2.o)
    0x0800021c   0x0800021c   0x00000000   Code   RO         7731    .ARM.Collect$$libinit$$00000019  c_w.l(libinit2.o)
    0x0800021c   0x0800021c   0x00000000   Code   RO         7733    .ARM.Collect$$libinit$$0000001B  c_w.l(libinit2.o)
    0x0800021c   0x0800021c   0x00000000   Code   RO         7735    .ARM.Collect$$libinit$$0000001D  c_w.l(libinit2.o)
    0x0800021c   0x0800021c   0x00000000   Code   RO         7737    .ARM.Collect$$libinit$$0000001F  c_w.l(libinit2.o)
    0x0800021c   0x0800021c   0x00000000   Code   RO         7739    .ARM.Collect$$libinit$$00000021  c_w.l(libinit2.o)
    0x0800021c   0x0800021c   0x00000000   Code   RO         7741    .ARM.Collect$$libinit$$00000023  c_w.l(libinit2.o)
    0x0800021c   0x0800021c   0x00000000   Code   RO         7743    .ARM.Collect$$libinit$$00000025  c_w.l(libinit2.o)
    0x0800021c   0x0800021c   0x00000000   Code   RO         7747    .ARM.Collect$$libinit$$0000002C  c_w.l(libinit2.o)
    0x0800021c   0x0800021c   0x00000000   Code   RO         7749    .ARM.Collect$$libinit$$0000002E  c_w.l(libinit2.o)
    0x0800021c   0x0800021c   0x00000000   Code   RO         7751    .ARM.Collect$$libinit$$00000030  c_w.l(libinit2.o)
    0x0800021c   0x0800021c   0x00000000   Code   RO         7753    .ARM.Collect$$libinit$$00000032  c_w.l(libinit2.o)
    0x0800021c   0x0800021c   0x00000002   Code   RO         7754    .ARM.Collect$$libinit$$00000033  c_w.l(libinit2.o)
    0x0800021e   0x0800021e   0x00000002   Code   RO         7796    .ARM.Collect$$libshutdown$$00000000  c_w.l(libshutdown.o)
    0x08000220   0x08000220   0x00000000   Code   RO         7815    .ARM.Collect$$libshutdown$$00000002  c_w.l(libshutdown2.o)
    0x08000220   0x08000220   0x00000000   Code   RO         7817    .ARM.Collect$$libshutdown$$00000004  c_w.l(libshutdown2.o)
    0x08000220   0x08000220   0x00000000   Code   RO         7819    .ARM.Collect$$libshutdown$$00000006  c_w.l(libshutdown2.o)
    0x08000220   0x08000220   0x00000000   Code   RO         7822    .ARM.Collect$$libshutdown$$00000009  c_w.l(libshutdown2.o)
    0x08000220   0x08000220   0x00000000   Code   RO         7825    .ARM.Collect$$libshutdown$$0000000C  c_w.l(libshutdown2.o)
    0x08000220   0x08000220   0x00000000   Code   RO         7827    .ARM.Collect$$libshutdown$$0000000E  c_w.l(libshutdown2.o)
    0x08000220   0x08000220   0x00000000   Code   RO         7830    .ARM.Collect$$libshutdown$$00000011  c_w.l(libshutdown2.o)
    0x08000220   0x08000220   0x00000002   Code   RO         7831    .ARM.Collect$$libshutdown$$00000012  c_w.l(libshutdown2.o)
    0x08000222   0x08000222   0x00000000   Code   RO         7606    .ARM.Collect$$rtentry$$00000000  c_w.l(__rtentry.o)
    0x08000222   0x08000222   0x00000000   Code   RO         7626    .ARM.Collect$$rtentry$$00000002  c_w.l(__rtentry2.o)
    0x08000222   0x08000222   0x00000006   Code   RO         7638    .ARM.Collect$$rtentry$$00000004  c_w.l(__rtentry4.o)
    0x08000228   0x08000228   0x00000000   Code   RO         7628    .ARM.Collect$$rtentry$$00000009  c_w.l(__rtentry2.o)
    0x08000228   0x08000228   0x00000004   Code   RO         7629    .ARM.Collect$$rtentry$$0000000A  c_w.l(__rtentry2.o)
    0x0800022c   0x0800022c   0x00000000   Code   RO         7631    .ARM.Collect$$rtentry$$0000000C  c_w.l(__rtentry2.o)
    0x0800022c   0x0800022c   0x00000008   Code   RO         7632    .ARM.Collect$$rtentry$$0000000D  c_w.l(__rtentry2.o)
    0x08000234   0x08000234   0x00000002   Code   RO         7755    .ARM.Collect$$rtexit$$00000000  c_w.l(rtexit.o)
    0x08000236   0x08000236   0x00000000   Code   RO         7768    .ARM.Collect$$rtexit$$00000002  c_w.l(rtexit2.o)
    0x08000236   0x08000236   0x00000004   Code   RO         7769    .ARM.Collect$$rtexit$$00000003  c_w.l(rtexit2.o)
    0x0800023a   0x0800023a   0x00000006   Code   RO         7770    .ARM.Collect$$rtexit$$00000004  c_w.l(rtexit2.o)
    0x08000240   0x08000240   0x000000be   Code   RO         4951    .emb_text           port.o
    0x080002fe   0x080002fe   0x00000002   PAD
    0x08000300   0x08000300   0x00000040   Code   RO            4    .text               startup_stm32f407xx.o
    0x08000340   0x08000340   0x00000002   Code   RO         7532    .text               c_w.l(use_no_semi_2.o)
    0x08000342   0x08000342   0x000000ee   Code   RO         7534    .text               c_w.l(lludivv7m.o)
    0x08000430   0x08000430   0x00000018   Code   RO         7538    .text               c_w.l(noretval__2printf.o)
    0x08000448   0x08000448   0x0000004e   Code   RO         7542    .text               c_w.l(_printf_pad.o)
    0x08000496   0x08000496   0x0000010e   Code   RO         7552    .text               c_w.l(__printf_wp.o)
    0x080005a4   0x080005a4   0x0000008a   Code   RO         7566    .text               c_w.l(rt_memcpy_v6.o)
    0x0800062e   0x0800062e   0x00000010   Code   RO         7570    .text               c_w.l(aeabi_memset.o)
    0x0800063e   0x0800063e   0x00000044   Code   RO         7572    .text               c_w.l(rt_memclr.o)
    0x08000682   0x08000682   0x0000004e   Code   RO         7574    .text               c_w.l(rt_memclr_w.o)
    0x080006d0   0x080006d0   0x00000006   Code   RO         7576    .text               c_w.l(heapauxi.o)
    0x080006d6   0x080006d6   0x00000002   Code   RO         7604    .text               c_w.l(use_no_semi.o)
    0x080006d8   0x080006d8   0x0000041e   Code   RO         7611    .text               c_w.l(_printf_fp_dec.o)
    0x08000af6   0x08000af6   0x00000002   PAD
    0x08000af8   0x08000af8   0x00000024   Code   RO         7613    .text               c_w.l(_printf_char_file.o)
    0x08000b1c   0x08000b1c   0x00000064   Code   RO         7616    .text               c_w.l(rt_memcpy_w.o)
    0x08000b80   0x08000b80   0x00000008   Code   RO         7645    .text               c_w.l(rt_locale_intlibspace.o)
    0x08000b88   0x08000b88   0x0000008a   Code   RO         7647    .text               c_w.l(lludiv10.o)
    0x08000c12   0x08000c12   0x00000002   PAD
    0x08000c14   0x08000c14   0x00000030   Code   RO         7649    .text               c_w.l(_printf_char_common.o)
    0x08000c44   0x08000c44   0x00000080   Code   RO         7651    .text               c_w.l(_printf_fp_infnan.o)
    0x08000cc4   0x08000cc4   0x000000e4   Code   RO         7653    .text               c_w.l(bigflt0.o)
    0x08000da8   0x08000da8   0x00000008   Code   RO         7678    .text               c_w.l(ferror.o)
    0x08000db0   0x08000db0   0x00000008   Code   RO         7689    .text               c_w.l(libspace.o)
    0x08000db8   0x08000db8   0x0000004a   Code   RO         7692    .text               c_w.l(sys_stackheap_outer.o)
    0x08000e02   0x08000e02   0x00000012   Code   RO         7696    .text               c_w.l(exit.o)
    0x08000e14   0x08000e14   0x00000080   Code   RO         7702    .text               c_w.l(strcmpv7m.o)
    0x08000e94   0x08000e94   0x0000003e   Code   RO         7656    CL$$btod_d2e        c_w.l(btod.o)
    0x08000ed2   0x08000ed2   0x00000046   Code   RO         7658    CL$$btod_d2e_denorm_low  c_w.l(btod.o)
    0x08000f18   0x08000f18   0x00000060   Code   RO         7657    CL$$btod_d2e_norm_op1  c_w.l(btod.o)
    0x08000f78   0x08000f78   0x00000338   Code   RO         7666    CL$$btod_div_common  c_w.l(btod.o)
    0x080012b0   0x080012b0   0x000000dc   Code   RO         7663    CL$$btod_e2e        c_w.l(btod.o)
    0x0800138c   0x0800138c   0x0000002a   Code   RO         7660    CL$$btod_ediv       c_w.l(btod.o)
    0x080013b6   0x080013b6   0x0000002a   Code   RO         7659    CL$$btod_emul       c_w.l(btod.o)
    0x080013e0   0x080013e0   0x00000244   Code   RO         7665    CL$$btod_mult_common  c_w.l(btod.o)
    0x08001624   0x08001624   0x000000c4   Code   RO         5031    i.ArmFrontBack      act.o
    0x080016e8   0x080016e8   0x00000064   Code   RO         5033    i.ArmWave           act.o
    0x0800174c   0x0800174c   0x00000002   Code   RO          585    i.BusFault_Handler  stm32f4xx_it.o
    0x0800174e   0x0800174e   0x00000002   PAD
    0x08001750   0x08001750   0x00000050   Code   RO         5034    i.Car_Init          act.o
    0x080017a0   0x080017a0   0x0000000c   Code   RO          586    i.DMA1_Stream5_IRQHandler  stm32f4xx_it.o
    0x080017ac   0x080017ac   0x0000000c   Code   RO          587    i.DMA1_Stream6_IRQHandler  stm32f4xx_it.o
    0x080017b8   0x080017b8   0x0000000c   Code   RO          588    i.DMA2_Stream1_IRQHandler  stm32f4xx_it.o
    0x080017c4   0x080017c4   0x0000000c   Code   RO          589    i.DMA2_Stream5_IRQHandler  stm32f4xx_it.o
    0x080017d0   0x080017d0   0x00000028   Code   RO         2193    i.DMA_CalcBaseAndBitshift  stm32f4xx_hal_dma.o
    0x080017f8   0x080017f8   0x00000054   Code   RO         2194    i.DMA_CheckFifoParam  stm32f4xx_hal_dma.o
    0x0800184c   0x0800184c   0x00000028   Code   RO         2195    i.DMA_SetConfig     stm32f4xx_hal_dma.o
    0x08001874   0x08001874   0x00000002   Code   RO          590    i.DebugMon_Handler  stm32f4xx_it.o
    0x08001876   0x08001876   0x00000004   Code   RO          245    i.Error_Handler     main.o
    0x0800187a   0x0800187a   0x00000002   PAD
    0x0800187c   0x0800187c   0x00000008   Code   RO           13    i.Get_Acc           demo.o
    0x08001884   0x08001884   0x00000092   Code   RO         2196    i.HAL_DMA_Abort     stm32f4xx_hal_dma.o
    0x08001916   0x08001916   0x00000024   Code   RO         2197    i.HAL_DMA_Abort_IT  stm32f4xx_hal_dma.o
    0x0800193a   0x0800193a   0x00000002   PAD
    0x0800193c   0x0800193c   0x000001a0   Code   RO         2201    i.HAL_DMA_IRQHandler  stm32f4xx_hal_dma.o
    0x08001adc   0x08001adc   0x000000d4   Code   RO         2202    i.HAL_DMA_Init      stm32f4xx_hal_dma.o
    0x08001bb0   0x08001bb0   0x0000006e   Code   RO         2206    i.HAL_DMA_Start_IT  stm32f4xx_hal_dma.o
    0x08001c1e   0x08001c1e   0x00000002   PAD
    0x08001c20   0x08001c20   0x00000024   Code   RO         2633    i.HAL_Delay         stm32f4xx_hal.o
    0x08001c44   0x08001c44   0x000001f0   Code   RO         2089    i.HAL_GPIO_Init     stm32f4xx_hal_gpio.o
    0x08001e34   0x08001e34   0x0000000a   Code   RO         2091    i.HAL_GPIO_ReadPin  stm32f4xx_hal_gpio.o
    0x08001e3e   0x08001e3e   0x00000010   Code   RO         2092    i.HAL_GPIO_TogglePin  stm32f4xx_hal_gpio.o
    0x08001e4e   0x08001e4e   0x0000000a   Code   RO         2093    i.HAL_GPIO_WritePin  stm32f4xx_hal_gpio.o
    0x08001e58   0x08001e58   0x0000000c   Code   RO         2639    i.HAL_GetTick       stm32f4xx_hal.o
    0x08001e64   0x08001e64   0x00000010   Code   RO         2645    i.HAL_IncTick       stm32f4xx_hal.o
    0x08001e74   0x08001e74   0x00000034   Code   RO         2646    i.HAL_Init          stm32f4xx_hal.o
    0x08001ea8   0x08001ea8   0x0000008c   Code   RO          722    i.HAL_InitTick      stm32f4xx_hal_timebase_tim.o
    0x08001f34   0x08001f34   0x00000038   Code   RO          698    i.HAL_MspInit       stm32f4xx_hal_msp.o
    0x08001f6c   0x08001f6c   0x0000001a   Code   RO         2481    i.HAL_NVIC_EnableIRQ  stm32f4xx_hal_cortex.o
    0x08001f86   0x08001f86   0x00000002   PAD
    0x08001f88   0x08001f88   0x00000040   Code   RO         2487    i.HAL_NVIC_SetPriority  stm32f4xx_hal_cortex.o
    0x08001fc8   0x08001fc8   0x00000024   Code   RO         2488    i.HAL_NVIC_SetPriorityGrouping  stm32f4xx_hal_cortex.o
    0x08001fec   0x08001fec   0x00000134   Code   RO         1735    i.HAL_RCC_ClockConfig  stm32f4xx_hal_rcc.o
    0x08002120   0x08002120   0x00000040   Code   RO         1739    i.HAL_RCC_GetClockConfig  stm32f4xx_hal_rcc.o
    0x08002160   0x08002160   0x00000020   Code   RO         1742    i.HAL_RCC_GetPCLK1Freq  stm32f4xx_hal_rcc.o
    0x08002180   0x08002180   0x00000020   Code   RO         1743    i.HAL_RCC_GetPCLK2Freq  stm32f4xx_hal_rcc.o
    0x080021a0   0x080021a0   0x00000060   Code   RO         1744    i.HAL_RCC_GetSysClockFreq  stm32f4xx_hal_rcc.o
    0x08002200   0x08002200   0x0000036c   Code   RO         1747    i.HAL_RCC_OscConfig  stm32f4xx_hal_rcc.o
    0x0800256c   0x0800256c   0x00000002   Code   RO         1467    i.HAL_TIMEx_BreakCallback  stm32f4xx_hal_tim_ex.o
    0x0800256e   0x0800256e   0x00000002   Code   RO         1468    i.HAL_TIMEx_CommutCallback  stm32f4xx_hal_tim_ex.o
    0x08002570   0x08002570   0x00000090   Code   RO         1486    i.HAL_TIMEx_MasterConfigSynchronization  stm32f4xx_hal_tim_ex.o
    0x08002600   0x08002600   0x0000005a   Code   RO          763    i.HAL_TIM_Base_Init  stm32f4xx_hal_tim.o
    0x0800265a   0x0800265a   0x00000002   Code   RO          765    i.HAL_TIM_Base_MspInit  stm32f4xx_hal_tim.o
    0x0800265c   0x0800265c   0x00000080   Code   RO          768    i.HAL_TIM_Base_Start_IT  stm32f4xx_hal_tim.o
    0x080026dc   0x080026dc   0x00000002   Code   RO          797    i.HAL_TIM_IC_CaptureCallback  stm32f4xx_hal_tim.o
    0x080026de   0x080026de   0x00000130   Code   RO          811    i.HAL_TIM_IRQHandler  stm32f4xx_hal_tim.o
    0x0800280e   0x0800280e   0x00000002   PAD
    0x08002810   0x08002810   0x000000d4   Code   RO          453    i.HAL_TIM_MspPostInit  tim.o
    0x080028e4   0x080028e4   0x00000002   Code   RO          814    i.HAL_TIM_OC_DelayElapsedCallback  stm32f4xx_hal_tim.o
    0x080028e6   0x080028e6   0x000000cc   Code   RO          835    i.HAL_TIM_PWM_ConfigChannel  stm32f4xx_hal_tim.o
    0x080029b2   0x080029b2   0x0000005a   Code   RO          838    i.HAL_TIM_PWM_Init  stm32f4xx_hal_tim.o
    0x08002a0c   0x08002a0c   0x00000058   Code   RO          455    i.HAL_TIM_PWM_MspInit  tim.o
    0x08002a64   0x08002a64   0x00000002   Code   RO          841    i.HAL_TIM_PWM_PulseFinishedCallback  stm32f4xx_hal_tim.o
    0x08002a66   0x08002a66   0x00000002   PAD
    0x08002a68   0x08002a68   0x000000c8   Code   RO          843    i.HAL_TIM_PWM_Start  stm32f4xx_hal_tim.o
    0x08002b30   0x08002b30   0x00000014   Code   RO          246    i.HAL_TIM_PeriodElapsedCallback  main.o
    0x08002b44   0x08002b44   0x00000002   Code   RO          854    i.HAL_TIM_TriggerCallback  stm32f4xx_hal_tim.o
    0x08002b46   0x08002b46   0x0000004a   Code   RO         2894    i.HAL_UARTEx_ReceiveToIdle_DMA  stm32f4xx_hal_uart.o
    0x08002b90   0x08002b90   0x00000054   Code   RO          247    i.HAL_UARTEx_RxEventCallback  main.o
    0x08002be4   0x08002be4   0x00000070   Code   RO         2908    i.HAL_UART_DMAStop  stm32f4xx_hal_uart.o
    0x08002c54   0x08002c54   0x00000002   Code   RO         2910    i.HAL_UART_ErrorCallback  stm32f4xx_hal_uart.o
    0x08002c56   0x08002c56   0x00000002   PAD
    0x08002c58   0x08002c58   0x00000280   Code   RO         2913    i.HAL_UART_IRQHandler  stm32f4xx_hal_uart.o
    0x08002ed8   0x08002ed8   0x00000064   Code   RO         2914    i.HAL_UART_Init     stm32f4xx_hal_uart.o
    0x08002f3c   0x08002f3c   0x000001f4   Code   RO          514    i.HAL_UART_MspInit  usart.o
    0x08003130   0x08003130   0x0000001c   Code   RO         2918    i.HAL_UART_Receive_DMA  stm32f4xx_hal_uart.o
    0x0800314c   0x0800314c   0x00000002   Code   RO         2920    i.HAL_UART_RxCpltCallback  stm32f4xx_hal_uart.o
    0x0800314e   0x0800314e   0x00000002   Code   RO         2921    i.HAL_UART_RxHalfCpltCallback  stm32f4xx_hal_uart.o
    0x08003150   0x08003150   0x000000a0   Code   RO         2922    i.HAL_UART_Transmit  stm32f4xx_hal_uart.o
    0x080031f0   0x080031f0   0x00000002   Code   RO         2925    i.HAL_UART_TxCpltCallback  stm32f4xx_hal_uart.o
    0x080031f2   0x080031f2   0x00000002   Code   RO          591    i.HardFault_Handler  stm32f4xx_it.o
    0x080031f4   0x080031f4   0x0000006c   Code   RO          429    i.MX_DMA_Init       dma.o
    0x08003260   0x08003260   0x00000074   Code   RO          342    i.MX_FREERTOS_Init  freertos.o
    0x080032d4   0x080032d4   0x00000148   Code   RO          318    i.MX_GPIO_Init      gpio.o
    0x0800341c   0x0800341c   0x000000a0   Code   RO          456    i.MX_TIM2_Init      tim.o
    0x080034bc   0x080034bc   0x000000a0   Code   RO          457    i.MX_TIM3_Init      tim.o
    0x0800355c   0x0800355c   0x000000a0   Code   RO          458    i.MX_TIM4_Init      tim.o
    0x080035fc   0x080035fc   0x00000050   Code   RO          515    i.MX_USART1_UART_Init  usart.o
    0x0800364c   0x0800364c   0x00000038   Code   RO          516    i.MX_USART2_UART_Init  usart.o
    0x08003684   0x08003684   0x00000050   Code   RO          517    i.MX_USART6_UART_Init  usart.o
    0x080036d4   0x080036d4   0x00000002   Code   RO          592    i.MemManage_Handler  stm32f4xx_it.o
    0x080036d6   0x080036d6   0x00000002   PAD
    0x080036d8   0x080036d8   0x0000001c   Code   RO         5177    i.Motor_Enable      motor.o
    0x080036f4   0x080036f4   0x00000018   Code   RO         5179    i.Motor_Init        motor.o
    0x0800370c   0x0800370c   0x00000068   Code   RO         5180    i.Motor_ProcessRxData  motor.o
    0x08003774   0x08003774   0x00000020   Code   RO         5182    i.Motor_SetMode     motor.o
    0x08003794   0x08003794   0x00000028   Code   RO         5184    i.Motor_SetSpeed    motor.o
    0x080037bc   0x080037bc   0x00000098   Code   RO         5038    i.Motor_SetSpeed_FromCmd  act.o
    0x08003854   0x08003854   0x00000002   Code   RO          593    i.NMI_Handler       stm32f4xx_it.o
    0x08003856   0x08003856   0x00000002   PAD
    0x08003858   0x08003858   0x00000108   Code   RO          343    i.StartDefaultTask  freertos.o
    0x08003960   0x08003960   0x00000010   Code   RO          344    i.StartImuTask      freertos.o
    0x08003970   0x08003970   0x00000020   Code   RO          345    i.Status_Task       freertos.o
    0x08003990   0x08003990   0x00000044   Code   RO         5268    i.Stepper_RotateAngle  stepmotor.o
    0x080039d4   0x080039d4   0x0000001c   Code   RO         5270    i.Stepper_SetSpeed  stepmotor.o
    0x080039f0   0x080039f0   0x00000044   Code   RO         5271    i.Stepper_Step      stepmotor.o
    0x08003a34   0x08003a34   0x0000001a   Code   RO         4383    i.SysTick_Handler   cmsis_os2.o
    0x08003a4e   0x08003a4e   0x00000002   PAD
    0x08003a50   0x08003a50   0x00000098   Code   RO          248    i.SystemClock_Config  main.o
    0x08003ae8   0x08003ae8   0x00000010   Code   RO         3248    i.SystemInit        system_stm32f4xx.o
    0x08003af8   0x08003af8   0x0000000c   Code   RO          594    i.TIM1_UP_TIM10_IRQHandler  stm32f4xx_it.o
    0x08003b04   0x08003b04   0x000000d0   Code   RO          856    i.TIM_Base_SetConfig  stm32f4xx_hal_tim.o
    0x08003bd4   0x08003bd4   0x0000001a   Code   RO          857    i.TIM_CCxChannelCmd  stm32f4xx_hal_tim.o
    0x08003bee   0x08003bee   0x00000002   PAD
    0x08003bf0   0x08003bf0   0x00000060   Code   RO          869    i.TIM_OC1_SetConfig  stm32f4xx_hal_tim.o
    0x08003c50   0x08003c50   0x0000006c   Code   RO          870    i.TIM_OC2_SetConfig  stm32f4xx_hal_tim.o
    0x08003cbc   0x08003cbc   0x00000068   Code   RO          871    i.TIM_OC3_SetConfig  stm32f4xx_hal_tim.o
    0x08003d24   0x08003d24   0x00000050   Code   RO          872    i.TIM_OC4_SetConfig  stm32f4xx_hal_tim.o
    0x08003d74   0x08003d74   0x0000000e   Code   RO         2927    i.UART_DMAAbortOnError  stm32f4xx_hal_uart.o
    0x08003d82   0x08003d82   0x0000004a   Code   RO         2928    i.UART_DMAError     stm32f4xx_hal_uart.o
    0x08003dcc   0x08003dcc   0x00000086   Code   RO         2929    i.UART_DMAReceiveCplt  stm32f4xx_hal_uart.o
    0x08003e52   0x08003e52   0x0000001e   Code   RO         2931    i.UART_DMARxHalfCplt  stm32f4xx_hal_uart.o
    0x08003e70   0x08003e70   0x0000004e   Code   RO         2937    i.UART_EndRxTransfer  stm32f4xx_hal_uart.o
    0x08003ebe   0x08003ebe   0x0000001c   Code   RO         2938    i.UART_EndTxTransfer  stm32f4xx_hal_uart.o
    0x08003eda   0x08003eda   0x000000c2   Code   RO         2939    i.UART_Receive_IT   stm32f4xx_hal_uart.o
    0x08003f9c   0x08003f9c   0x0000010c   Code   RO         2940    i.UART_SetConfig    stm32f4xx_hal_uart.o
    0x080040a8   0x080040a8   0x000000a0   Code   RO         2941    i.UART_Start_Receive_DMA  stm32f4xx_hal_uart.o
    0x08004148   0x08004148   0x00000072   Code   RO         2943    i.UART_WaitOnFlagUntilTimeout  stm32f4xx_hal_uart.o
    0x080041ba   0x080041ba   0x00000002   PAD
    0x080041bc   0x080041bc   0x0000000c   Code   RO          595    i.USART1_IRQHandler  stm32f4xx_it.o
    0x080041c8   0x080041c8   0x0000000c   Code   RO          596    i.USART2_IRQHandler  stm32f4xx_it.o
    0x080041d4   0x080041d4   0x0000006c   Code   RO          597    i.USART6_IRQHandler  stm32f4xx_it.o
    0x08004240   0x08004240   0x00000002   Code   RO          598    i.UsageFault_Handler  stm32f4xx_it.o
    0x08004242   0x08004242   0x00000030   Code   RO         7687    i.__ARM_fpclassify  m_wm.l(fpclassify.o)
    0x08004272   0x08004272   0x00000020   Code   RO         2494    i.__NVIC_SetPriority  stm32f4xx_hal_cortex.o
    0x08004292   0x08004292   0x0000000e   Code   RO         7554    i._is_digit         c_w.l(__printf_wp.o)
    0x080042a0   0x080042a0   0x00000002   Code   RO          518    i._sys_exit         usart.o
    0x080042a2   0x080042a2   0x00000006   Code   RO         5349    i.atk_ms6dsv_delay  atk_ms6dsv.o
    0x080042a8   0x080042a8   0x0000007c   Code   RO         5350    i.atk_ms6dsv_hw_init  atk_ms6dsv.o
    0x08004324   0x08004324   0x00000014   Code   RO         5351    i.atk_ms6dsv_i2c_read_reg  atk_ms6dsv.o
    0x08004338   0x08004338   0x00000014   Code   RO         5352    i.atk_ms6dsv_i2c_write_reg  atk_ms6dsv.o
    0x0800434c   0x0800434c   0x00000048   Code   RO         5353    i.atk_ms6dsv_init   atk_ms6dsv.o
    0x08004394   0x08004394   0x00000072   Code   RO         5354    i.atk_ms6dsv_read   atk_ms6dsv.o
    0x08004406   0x08004406   0x0000005a   Code   RO         5355    i.atk_ms6dsv_write  atk_ms6dsv.o
    0x08004460   0x08004460   0x0000000a   Code   RO         7491    i.bsp_init          user_main.o
    0x0800446a   0x0800446a   0x0000002c   Code   RO         5186    i.crc8_maxim        motor.o
    0x08004496   0x08004496   0x00000002   PAD
    0x08004498   0x08004498   0x00000024   Code   RO         7319    i.delay_init        delay.o
    0x080044bc   0x080044bc   0x0000001a   Code   RO         7320    i.delay_ms          delay.o
    0x080044d6   0x080044d6   0x00000002   PAD
    0x080044d8   0x080044d8   0x00000028   Code   RO         7321    i.delay_us          delay.o
    0x08004500   0x08004500   0x00000158   Code   RO           16    i.demo_run          demo.o
    0x08004658   0x08004658   0x00000014   Code   RO          519    i.fputc             usart.o
    0x0800466c   0x0800466c   0x0000002c   Code   RO          346    i.fun_ctrl_Task     freertos.o
    0x08004698   0x08004698   0x0000004c   Code   RO         5423    i.iic_ack           atk_ms6dsv_iic.o
    0x080046e4   0x080046e4   0x0000003c   Code   RO         5424    i.iic_nack          atk_ms6dsv_iic.o
    0x08004720   0x08004720   0x0000005c   Code   RO         5425    i.iic_read_byte     atk_ms6dsv_iic.o
    0x0800477c   0x0800477c   0x00000058   Code   RO         5426    i.iic_send_byte     atk_ms6dsv_iic.o
    0x080047d4   0x080047d4   0x00000048   Code   RO         5427    i.iic_start         atk_ms6dsv_iic.o
    0x0800481c   0x0800481c   0x0000003c   Code   RO         5428    i.iic_stop          atk_ms6dsv_iic.o
    0x08004858   0x08004858   0x00000060   Code   RO         5429    i.iic_wait_ack      atk_ms6dsv_iic.o
    0x080048b8   0x080048b8   0x00000044   Code   RO         5491    i.lsm6dsv16x_acceleration_raw_get  lsm6dsv16x_reg.o
    0x080048fc   0x080048fc   0x00000044   Code   RO         5508    i.lsm6dsv16x_angular_rate_raw_get  lsm6dsv16x_reg.o
    0x08004940   0x08004940   0x0000002e   Code   RO         5512    i.lsm6dsv16x_block_data_update_set  lsm6dsv16x_reg.o
    0x0800496e   0x0800496e   0x0000000e   Code   RO         5519    i.lsm6dsv16x_device_id_get  lsm6dsv16x_reg.o
    0x0800497c   0x0800497c   0x0000002e   Code   RO         5576    i.lsm6dsv16x_filt_gy_lp1_bandwidth_set  lsm6dsv16x_reg.o
    0x080049aa   0x080049aa   0x0000002e   Code   RO         5578    i.lsm6dsv16x_filt_gy_lp1_set  lsm6dsv16x_reg.o
    0x080049d8   0x080049d8   0x0000008e   Code   RO         5584    i.lsm6dsv16x_filt_settling_mask_set  lsm6dsv16x_reg.o
    0x08004a66   0x08004a66   0x0000002e   Code   RO         5596    i.lsm6dsv16x_filt_xl_lp2_bandwidth_set  lsm6dsv16x_reg.o
    0x08004a94   0x08004a94   0x0000002e   Code   RO         5598    i.lsm6dsv16x_filt_xl_lp2_set  lsm6dsv16x_reg.o
    0x08004ac2   0x08004ac2   0x00000038   Code   RO         5601    i.lsm6dsv16x_flag_data_ready_get  lsm6dsv16x_reg.o
    0x08004afa   0x08004afa   0x00000002   PAD
    0x08004afc   0x08004afc   0x00000018   Code   RO         5605    i.lsm6dsv16x_from_fs2000_to_mdps  lsm6dsv16x_reg.o
    0x08004b14   0x08004b14   0x00000018   Code   RO         5607    i.lsm6dsv16x_from_fs2_to_mg  lsm6dsv16x_reg.o
    0x08004b2c   0x08004b2c   0x0000001c   Code   RO         5612    i.lsm6dsv16x_from_lsb_to_celsius  lsm6dsv16x_reg.o
    0x08004b48   0x08004b48   0x0000005e   Code   RO         5645    i.lsm6dsv16x_gy_data_rate_set  lsm6dsv16x_reg.o
    0x08004ba6   0x08004ba6   0x0000002e   Code   RO         5649    i.lsm6dsv16x_gy_full_scale_set  lsm6dsv16x_reg.o
    0x08004bd4   0x08004bd4   0x00000018   Code   RO         5708    i.lsm6dsv16x_read_reg  lsm6dsv16x_reg.o
    0x08004bec   0x08004bec   0x0000005a   Code   RO         5709    i.lsm6dsv16x_reset_get  lsm6dsv16x_reg.o
    0x08004c46   0x08004c46   0x00000060   Code   RO         5710    i.lsm6dsv16x_reset_set  lsm6dsv16x_reg.o
    0x08004ca6   0x08004ca6   0x00000024   Code   RO         5761    i.lsm6dsv16x_temperature_raw_get  lsm6dsv16x_reg.o
    0x08004cca   0x08004cca   0x00000018   Code   RO         5773    i.lsm6dsv16x_write_reg  lsm6dsv16x_reg.o
    0x08004ce2   0x08004ce2   0x00000060   Code   RO         5775    i.lsm6dsv16x_xl_data_rate_set  lsm6dsv16x_reg.o
    0x08004d42   0x08004d42   0x0000002e   Code   RO         5779    i.lsm6dsv16x_xl_full_scale_set  lsm6dsv16x_reg.o
    0x08004d70   0x08004d70   0x00000110   Code   RO          249    i.main              main.o
    0x08004e80   0x08004e80   0x0000001a   Code   RO         4385    i.osDelay           cmsis_os2.o
    0x08004e9a   0x08004e9a   0x00000002   PAD
    0x08004e9c   0x08004e9c   0x00000024   Code   RO         4399    i.osKernelInitialize  cmsis_os2.o
    0x08004ec0   0x08004ec0   0x00000038   Code   RO         4402    i.osKernelStart     cmsis_os2.o
    0x08004ef8   0x08004ef8   0x0000008a   Code   RO         4444    i.osThreadNew       cmsis_os2.o
    0x08004f82   0x08004f82   0x00000002   PAD
    0x08004f84   0x08004f84   0x0000005c   Code   RO         3856    i.prvAddCurrentTaskToDelayedList  tasks.o
    0x08004fe0   0x08004fe0   0x000000d0   Code   RO         3857    i.prvAddNewTaskToReadyList  tasks.o
    0x080050b0   0x080050b0   0x00000058   Code   RO         4221    i.prvCheckForValidListAndQueue  timers.o
    0x08005108   0x08005108   0x00000026   Code   RO         3453    i.prvCopyDataFromQueue  queue.o
    0x0800512e   0x0800512e   0x0000006c   Code   RO         3454    i.prvCopyDataToQueue  queue.o
    0x0800519a   0x0800519a   0x00000034   Code   RO         3858    i.prvDeleteTCB      tasks.o
    0x080051ce   0x080051ce   0x00000002   PAD
    0x080051d0   0x080051d0   0x0000004c   Code   RO         4896    i.prvHeapInit       heap_4.o
    0x0800521c   0x0800521c   0x00000060   Code   RO         3859    i.prvIdleTask       tasks.o
    0x0800527c   0x0800527c   0x00000022   Code   RO         3456    i.prvInitialiseNewQueue  queue.o
    0x0800529e   0x0800529e   0x00000002   PAD
    0x080052a0   0x080052a0   0x000000b0   Code   RO         3860    i.prvInitialiseNewTask  tasks.o
    0x08005350   0x08005350   0x0000004c   Code   RO         4897    i.prvInsertBlockIntoFreeList  heap_4.o
    0x0800539c   0x0800539c   0x00000038   Code   RO         4223    i.prvInsertTimerInActiveList  timers.o
    0x080053d4   0x080053d4   0x0000001c   Code   RO         3457    i.prvIsQueueEmpty   queue.o
    0x080053f0   0x080053f0   0x000000fc   Code   RO         4224    i.prvProcessReceivedCommands  timers.o
    0x080054ec   0x080054ec   0x000000c0   Code   RO         4225    i.prvProcessTimerOrBlockTask  timers.o
    0x080055ac   0x080055ac   0x00000020   Code   RO         3862    i.prvResetNextTaskUnblockTime  tasks.o
    0x080055cc   0x080055cc   0x00000028   Code   RO         4226    i.prvSampleTimeNow  timers.o
    0x080055f4   0x080055f4   0x0000006c   Code   RO         4227    i.prvSwitchTimerLists  timers.o
    0x08005660   0x08005660   0x00000028   Code   RO         4952    i.prvTaskExitError  port.o
    0x08005688   0x08005688   0x00000024   Code   RO         4228    i.prvTimerTask      timers.o
    0x080056ac   0x080056ac   0x0000006a   Code   RO         3458    i.prvUnlockQueue    queue.o
    0x08005716   0x08005716   0x00000002   PAD
    0x08005718   0x08005718   0x000000dc   Code   RO         4898    i.pvPortMalloc      heap_4.o
    0x080057f4   0x080057f4   0x0000002c   Code   RO         4953    i.pxPortInitialiseStack  port.o
    0x08005820   0x08005820   0x00000028   Code   RO         5187    i.send_frame        motor.o
    0x08005848   0x08005848   0x00000058   Code   RO         5325    i.serial_frame_build  serial_frame.o
    0x080058a0   0x080058a0   0x00000082   Code   RO         5326    i.serial_frame_parse  serial_frame.o
    0x08005922   0x08005922   0x00000002   PAD
    0x08005924   0x08005924   0x00000070   Code   RO         5273    i.setOutput         stepmotor.o
    0x08005994   0x08005994   0x00000006   Code   RO         7493    i.user_main         user_main.o
    0x0800599a   0x0800599a   0x00000026   Code   RO         3413    i.uxListRemove      list.o
    0x080059c0   0x080059c0   0x00000014   Code   RO         4456    i.vApplicationGetIdleTaskMemory  cmsis_os2.o
    0x080059d4   0x080059d4   0x00000018   Code   RO         4457    i.vApplicationGetTimerTaskMemory  cmsis_os2.o
    0x080059ec   0x080059ec   0x00000016   Code   RO         3414    i.vListInitialise   list.o
    0x08005a02   0x08005a02   0x00000006   Code   RO         3415    i.vListInitialiseItem  list.o
    0x08005a08   0x08005a08   0x00000030   Code   RO         3416    i.vListInsert       list.o
    0x08005a38   0x08005a38   0x00000018   Code   RO         3417    i.vListInsertEnd    list.o
    0x08005a50   0x08005a50   0x00000040   Code   RO         4955    i.vPortEnterCritical  port.o
    0x08005a90   0x08005a90   0x00000028   Code   RO         4956    i.vPortExitCritical  port.o
    0x08005ab8   0x08005ab8   0x00000064   Code   RO         4899    i.vPortFree         heap_4.o
    0x08005b1c   0x08005b1c   0x00000024   Code   RO         4957    i.vPortSetupTimerInterrupt  port.o
    0x08005b40   0x08005b40   0x00000054   Code   RO         4958    i.vPortValidateInterruptPriority  port.o
    0x08005b94   0x08005b94   0x00000028   Code   RO         3464    i.vQueueAddToRegistry  queue.o
    0x08005bbc   0x08005bbc   0x00000044   Code   RO         3468    i.vQueueWaitForMessageRestricted  queue.o
    0x08005c00   0x08005c00   0x0000004c   Code   RO         3875    i.vTaskDelay        tasks.o
    0x08005c4c   0x08005c4c   0x00000010   Code   RO         3880    i.vTaskInternalSetTimeOutState  tasks.o
    0x08005c5c   0x08005c5c   0x0000000c   Code   RO         3881    i.vTaskMissedYield  tasks.o
    0x08005c68   0x08005c68   0x00000030   Code   RO         3883    i.vTaskPlaceOnEventList  tasks.o
    0x08005c98   0x08005c98   0x00000038   Code   RO         3884    i.vTaskPlaceOnEventListRestricted  tasks.o
    0x08005cd0   0x08005cd0   0x00000088   Code   RO         3892    i.vTaskStartScheduler  tasks.o
    0x08005d58   0x08005d58   0x00000010   Code   RO         3894    i.vTaskSuspendAll   tasks.o
    0x08005d68   0x08005d68   0x00000064   Code   RO         3895    i.vTaskSwitchContext  tasks.o
    0x08005dcc   0x08005dcc   0x000000f4   Code   RO         4959    i.xPortStartScheduler  port.o
    0x08005ec0   0x08005ec0   0x0000002c   Code   RO         4960    i.xPortSysTickHandler  port.o
    0x08005eec   0x08005eec   0x00000042   Code   RO         3473    i.xQueueGenericCreate  queue.o
    0x08005f2e   0x08005f2e   0x00000066   Code   RO         3474    i.xQueueGenericCreateStatic  queue.o
    0x08005f94   0x08005f94   0x00000088   Code   RO         3475    i.xQueueGenericReset  queue.o
    0x0800601c   0x0800601c   0x00000160   Code   RO         3476    i.xQueueGenericSend  queue.o
    0x0800617c   0x0800617c   0x000000be   Code   RO         3477    i.xQueueGenericSendFromISR  queue.o
    0x0800623a   0x0800623a   0x00000002   PAD
    0x0800623c   0x0800623c   0x00000138   Code   RO         3486    i.xQueueReceive     queue.o
    0x08006374   0x08006374   0x00000074   Code   RO         3897    i.xTaskCheckForTimeOut  tasks.o
    0x080063e8   0x080063e8   0x0000005a   Code   RO         3898    i.xTaskCreate       tasks.o
    0x08006442   0x08006442   0x00000056   Code   RO         3899    i.xTaskCreateStatic  tasks.o
    0x08006498   0x08006498   0x0000001c   Code   RO         3903    i.xTaskGetSchedulerState  tasks.o
    0x080064b4   0x080064b4   0x0000000c   Code   RO         3904    i.xTaskGetTickCount  tasks.o
    0x080064c0   0x080064c0   0x000000c8   Code   RO         3906    i.xTaskIncrementTick  tasks.o
    0x08006588   0x08006588   0x00000080   Code   RO         3909    i.xTaskPriorityDisinherit  tasks.o
    0x08006608   0x08006608   0x00000070   Code   RO         3911    i.xTaskRemoveFromEventList  tasks.o
    0x08006678   0x08006678   0x000000c4   Code   RO         3912    i.xTaskResumeAll    tasks.o
    0x0800673c   0x0800673c   0x00000060   Code   RO         4237    i.xTimerCreateTimerTask  timers.o
    0x0800679c   0x0800679c   0x00000068   Code   RO         4238    i.xTimerGenericCommand  timers.o
    0x08006804   0x08006804   0x0000002c   Code   RO         7683    locale$$code        c_w.l(lc_numeric_c.o)
    0x08006830   0x08006830   0x0000000c   Code   RO         7620    x$fpl$dretinf       fz_wm.l(dretinf.o)
    0x0800683c   0x0800683c   0x00000056   Code   RO         7600    x$fpl$f2d           fz_wm.l(f2d.o)
    0x08006892   0x08006892   0x0000008c   Code   RO         7622    x$fpl$fnaninf       fz_wm.l(fnaninf.o)
    0x0800691e   0x0800691e   0x0000000a   Code   RO         7765    x$fpl$fpinit        fz_wm.l(fpinit.o)
    0x08006928   0x08006928   0x00000004   Code   RO         7602    x$fpl$printf1       fz_wm.l(printf1.o)
    0x0800692c   0x0800692c   0x00000000   Code   RO         7624    x$fpl$usenofp       fz_wm.l(usenofp.o)
    0x0800692c   0x0800692c   0x00000090   Data   RO          349    .constdata          freertos.o
    0x080069bc   0x080069bc   0x00000008   Data   RO         2208    .constdata          stm32f4xx_hal_dma.o
    0x080069c4   0x080069c4   0x00000010   Data   RO         3249    .constdata          system_stm32f4xx.o
    0x080069d4   0x080069d4   0x00000008   Data   RO         3250    .constdata          system_stm32f4xx.o
    0x080069dc   0x080069dc   0x00000052   Data   RO         5189    .constdata          motor.o
    0x08006a2e   0x08006a2e   0x00000008   Data   RO         5274    .constdata          stepmotor.o
    0x08006a36   0x08006a36   0x00000002   PAD
    0x08006a38   0x08006a38   0x00000094   Data   RO         7654    .constdata          c_w.l(bigflt0.o)
    0x08006acc   0x08006acc   0x00000030   Data   RO          350    .conststring        freertos.o
    0x08006afc   0x08006afc   0x00000020   Data   RO         7832    Region$$Table       anon$$obj.o
    0x08006b1c   0x08006b1c   0x0000001c   Data   RO         7682    locale$$data        c_w.l(lc_numeric_c.o)


    Execution Region RW_IRAM1 (Exec base: 0x20000000, Load base: 0x08006b38, Size: 0x00006920, Max: 0x0001c000, ABSOLUTE)

    Exec Addr    Load Addr    Size         Type   Attr      Idx    E Section Name        Object

    0x20000000   0x08006b38   0x00000018   Data   RW          351    .data               freertos.o
    0x20000018   0x08006b50   0x00000004   Data   RW          521    .data               usart.o
    0x2000001c   0x08006b54   0x0000000c   Data   RW         2653    .data               stm32f4xx_hal.o
    0x20000028   0x08006b60   0x00000004   Data   RW         3251    .data               system_stm32f4xx.o
    0x2000002c   0x08006b64   0x0000003c   Data   RW         3915    .data               tasks.o
    0x20000068   0x08006ba0   0x00000014   Data   RW         4246    .data               timers.o
    0x2000007c   0x08006bb4   0x00000004   Data   RW         4459    .data               cmsis_os2.o
    0x20000080   0x08006bb8   0x00000020   Data   RW         4905    .data               heap_4.o
    0x200000a0   0x08006bd8   0x0000000c   Data   RW         4961    .data               port.o
    0x200000ac   0x08006be4   0x00000018   Data   RW         5043    .data               act.o
    0x200000c4   0x08006bfc   0x00000004   Data   RW         5190    .data               motor.o
    0x200000c8   0x08006c00   0x00000008   Data   RW         5275    .data               stepmotor.o
    0x200000d0   0x08006c08   0x00000014   Data   RW         5356    .data               atk_ms6dsv.o
    0x200000e4        -       0x00000018   Zero   RW           17    .bss                demo.o
    0x200000fc        -       0x00000402   Zero   RW          250    .bss                main.o
    0x200004fe   0x08006c1c   0x00000002   PAD
    0x20000500        -       0x0000005e   Zero   RW          348    .bss                freertos.o
    0x2000055e   0x08006c1c   0x00000002   PAD
    0x20000560        -       0x000000d8   Zero   RW          459    .bss                tim.o
    0x20000638        -       0x00000358   Zero   RW          520    .bss                usart.o
    0x20000990        -       0x00000202   Zero   RW          599    .bss                stm32f4xx_it.o
    0x20000b92   0x08006c1c   0x00000002   PAD
    0x20000b94        -       0x00000048   Zero   RW          725    .bss                stm32f4xx_hal_timebase_tim.o
    0x20000bdc        -       0x00000040   Zero   RW         3490    .bss                queue.o
    0x20000c1c        -       0x000004c4   Zero   RW         3914    .bss                tasks.o
    0x200010e0        -       0x00000118   Zero   RW         4245    .bss                timers.o
    0x200011f8        -       0x000006b8   Zero   RW         4458    .bss                cmsis_os2.o
    0x200018b0        -       0x00003c00   Zero   RW         4904    .bss                heap_4.o
    0x200054b0        -       0x0000000c   Zero   RW         5188    .bss                motor.o
    0x200054bc        -       0x00000060   Zero   RW         7690    .bss                c_w.l(libspace.o)
    0x2000551c   0x08006c1c   0x00000004   PAD
    0x20005520        -       0x00000400   Zero   RW            2    HEAP                startup_stm32f407xx.o
    0x20005920        -       0x00001000   Zero   RW            1    STACK               startup_stm32f407xx.o


    Execution Region RW_IRAM2 (Exec base: 0x2001c000, Load base: 0x08006c1c, Size: 0x00000000, Max: 0x00004000, ABSOLUTE)

    **** No section assigned to this execution region ****


==============================================================================

Image component sizes


      Code (inc. data)   RO Data    RW Data    ZI Data      Debug   Object Name

       528         36          0         24          0       4367   act.o
       446         36          0         20          0      60704   atk_ms6dsv.o
       544         32          0          0          0       4847   atk_ms6dsv_iic.o
       326         22          0          4       1720      65031   cmsis_os2.o
       102         24          0          0          0       1855   delay.o
       352         54          0          0         24     767397   demo.o
       108          4          0          0          0        806   dma.o
         0          0          0          0          0      19460   event_groups.o
       472        116        192         24         94      15075   freertos.o
       328         26          0          0          0       1095   gpio.o
       472         24          0         32      15360       4803   heap_4.o
       138          0          0          0          0       3486   list.o
      1206         18          0          0          0      71887   lsm6dsv16x_reg.o
       532         58          0          0       1026       4570   main.o
       312         38         82          4         12       4883   motor.o
       786         82          0         12          0      11337   port.o
      1580         20          0          0         64      18242   queue.o
       218          0          0          0          0       3394   serial_frame.o
        64         26        392          0       5120        828   startup_stm32f407xx.o
       276         36          8          8          0       3073   stepmotor.o
       116         18          0         12          0       8618   stm32f4xx_hal.o
       158         14          0          0          0      32982   stm32f4xx_hal_cortex.o
      1084         16          8          0          0       7222   stm32f4xx_hal_dma.o
       532         46          0          0          0       3428   stm32f4xx_hal_gpio.o
        56          4          0          0          0        838   stm32f4xx_hal_msp.o
      1408         82          0          0          0       5821   stm32f4xx_hal_rcc.o
      1648        136          0          0          0      13451   stm32f4xx_hal_tim.o
       148         28          0          0          0       2433   stm32f4xx_hal_tim_ex.o
       140         20          0          0         72       1391   stm32f4xx_hal_timebase_tim.o
      2216         28          0          0          0      16159   stm32f4xx_hal_uart.o
       204         60          0          0        514       7909   stm32f4xx_it.o
         0          0          0          0          0        440   stream_buffer.o
        16          4         24          4          0       1087   system_stm32f4xx.o
      2084        168          0         60       1220      26564   tasks.o
       780         62          0          0        216       3893   tim.o
       972         80          0         20        280      21579   timers.o
       738         78          0          4        856       6180   usart.o
        16          0          0          0          0       1119   user_main.o

    ----------------------------------------------------------------------
     21154       1496        740        228      26584    1228254   Object Totals
         0          0         32          0          0          0   (incl. Generated)
        48          0          2          0          6          0   (incl. Padding)

    ----------------------------------------------------------------------

      Code (inc. data)   RO Data    RW Data    ZI Data      Debug   Library Member Name

         8          0          0          0          0         68   __main.o
       284          0          0          0          0        156   __printf_wp.o
         0          0          0          0          0          0   __rtentry.o
        12          0          0          0          0          0   __rtentry2.o
         6          0          0          0          0          0   __rtentry4.o
        52          8          0          0          0          0   __scatter.o
        26          0          0          0          0          0   __scatter_copy.o
        28          0          0          0          0          0   __scatter_zi.o
        48          6          0          0          0         96   _printf_char_common.o
        36          4          0          0          0         80   _printf_char_file.o
         6          0          0          0          0          0   _printf_f.o
      1054          0          0          0          0        216   _printf_fp_dec.o
       128         16          0          0          0         84   _printf_fp_infnan.o
        78          0          0          0          0        108   _printf_pad.o
         0          0          0          0          0          0   _printf_percent.o
         4          0          0          0          0          0   _printf_percent_end.o
        16          0          0          0          0         68   aeabi_memset.o
       228          4        148          0          0         96   bigflt0.o
      1936        128          0          0          0        672   btod.o
        18          0          0          0          0         80   exit.o
         8          0          0          0          0         68   ferror.o
         6          0          0          0          0        152   heapauxi.o
        44         10         28          0          0         76   lc_numeric_c.o
         2          0          0          0          0          0   libinit.o
        22          0          0          0          0          0   libinit2.o
         2          0          0          0          0          0   libshutdown.o
         2          0          0          0          0          0   libshutdown2.o
         8          4          0          0         96         68   libspace.o
       138          0          0          0          0         80   lludiv10.o
       238          0          0          0          0        100   lludivv7m.o
        24          4          0          0          0         84   noretval__2printf.o
         8          4          0          0          0         68   rt_locale_intlibspace.o
        68          0          0          0          0         68   rt_memclr.o
        78          0          0          0          0         80   rt_memclr_w.o
       138          0          0          0          0         68   rt_memcpy_v6.o
       100          0          0          0          0         80   rt_memcpy_w.o
         2          0          0          0          0          0   rtexit.o
        10          0          0          0          0          0   rtexit2.o
       128          0          0          0          0         68   strcmpv7m.o
        74          0          0          0          0         80   sys_stackheap_outer.o
         2          0          0          0          0         68   use_no_semi.o
         2          0          0          0          0         68   use_no_semi_2.o
        12          0          0          0          0        116   dretinf.o
        86          4          0          0          0        132   f2d.o
       140          4          0          0          0        132   fnaninf.o
        10          0          0          0          0        116   fpinit.o
         4          0          0          0          0        116   printf1.o
         0          0          0          0          0          0   usenofp.o
        48          0          0          0          0        124   fpclassify.o

    ----------------------------------------------------------------------
      5378        196        176          0        100       3736   Library Totals
         6          0          0          0          4          0   (incl. Padding)

    ----------------------------------------------------------------------

      Code (inc. data)   RO Data    RW Data    ZI Data      Debug   Library Name

      5072        188        176          0         96       3000   c_w.l
       252          8          0          0          0        612   fz_wm.l
        48          0          0          0          0        124   m_wm.l

    ----------------------------------------------------------------------
      5378        196        176          0        100       3736   Library Totals

    ----------------------------------------------------------------------

==============================================================================


      Code (inc. data)   RO Data    RW Data    ZI Data      Debug   

     26532       1692        916        228      26684    1207126   Grand Totals
     26532       1692        916        228      26684    1207126   ELF Image Totals
     26532       1692        916        228          0          0   ROM Totals

==============================================================================

    Total RO  Size (Code + RO Data)                27448 (  26.80kB)
    Total RW  Size (RW Data + ZI Data)             26912 (  26.28kB)
    Total ROM Size (Code + RO Data + RW Data)      27676 (  27.03kB)

==============================================================================

